Archive member included to satisfy reference by file (symbol)

../../libDaisy//build/libdaisy.a(daisy_seed.o)
                              build/tusenskona.o (daisy::DaisySeed::Configure())
../../libDaisy//build/libdaisy.a(codec_ak4556.o)
                              ../../libDaisy//build/libdaisy.a(daisy_seed.o) (daisy::Ak4556::Init(dsy_gpio_pin))
../../libDaisy//build/libdaisy.a(codec_wm8731.o)
                              ../../libDaisy//build/libdaisy.a(daisy_seed.o) (daisy::Wm8731::Init(daisy::Wm8731::Config const&, daisy::I2CHandle))
../../libDaisy//build/libdaisy.a(sdram.o)
                              ../../libDaisy//build/libdaisy.a(daisy_seed.o) (SdramHandle::Init())
../../libDaisy//build/libdaisy.a(audio.o)
                              ../../libDaisy//build/libdaisy.a(daisy_seed.o) (daisy::AudioHandle::Init(daisy::AudioHandle::Config const&, daisy::SaiHandle))
../../libDaisy//build/libdaisy.a(ctrl.o)
                              build/tusenskona.o (daisy::AnalogControl::Init(unsigned short*, float, bool, bool, float))
../../libDaisy//build/libdaisy.a(encoder.o)
                              build/tusenskona.o (daisy::Encoder::Init(dsy_gpio_pin, dsy_gpio_pin, dsy_gpio_pin, float))
../../libDaisy//build/libdaisy.a(rgb_led.o)
                              build/tusenskona.o (daisy::RgbLed::Init(dsy_gpio_pin, dsy_gpio_pin, dsy_gpio_pin, bool))
../../libDaisy//build/libdaisy.a(switch.o)
                              build/tusenskona.o (daisy::Switch::Init(dsy_gpio_pin, float))
../../libDaisy//build/libdaisy.a(adc.o)
                              build/tusenskona.o (daisy::AdcChannelConfig::InitSingle(dsy_gpio_pin, daisy::AdcChannelConfig::ConversionSpeed))
../../libDaisy//build/libdaisy.a(gpio.o)
                              ../../libDaisy//build/libdaisy.a(daisy_seed.o) (daisy::GPIO::Init(daisy::Pin, daisy::GPIO::Mode, daisy::GPIO::Pull, daisy::GPIO::Speed))
../../libDaisy//build/libdaisy.a(i2c.o)
                              ../../libDaisy//build/libdaisy.a(daisy_seed.o) (daisy::I2CHandle::Init(daisy::I2CHandle::Config const&))
../../libDaisy//build/libdaisy.a(qspi.o)
                              ../../libDaisy//build/libdaisy.a(daisy_seed.o) (daisy::QSPIHandle::Init(daisy::QSPIHandle::Config const&))
../../libDaisy//build/libdaisy.a(sai.o)
                              ../../libDaisy//build/libdaisy.a(daisy_seed.o) (daisy::SaiHandle::Init(daisy::SaiHandle::Config const&))
../../libDaisy//build/libdaisy.a(system.o)
                              ../../libDaisy//build/libdaisy.a(daisy_seed.o) (daisy::System::DeInit())
../../libDaisy//build/libdaisy.a(system_stm32h7xx.o)
                              build/startup_stm32h750xx.o (SystemInit)
../../libDaisy//build/libdaisy.a(usbd_conf.o)
                              ../../libDaisy//build/libdaisy.a(system.o) (hpcd_USB_OTG_HS)
../../libDaisy//build/libdaisy.a(usbh_conf.o)
                              ../../libDaisy//build/libdaisy.a(system.o) (hhcd_USB_OTG_HS)
../../libDaisy//build/libdaisy.a(hal_map.o)
                              ../../libDaisy//build/libdaisy.a(gpio.o) (dsy_hal_map_get_port)
../../libDaisy//build/libdaisy.a(stm32h7xx_hal.o)
                              ../../libDaisy//build/libdaisy.a(system.o) (HAL_Init)
../../libDaisy//build/libdaisy.a(stm32h7xx_hal_adc.o)
                              ../../libDaisy//build/libdaisy.a(adc.o) (HAL_ADC_ConfigChannel)
../../libDaisy//build/libdaisy.a(stm32h7xx_hal_adc_ex.o)
                              ../../libDaisy//build/libdaisy.a(adc.o) (HAL_ADCEx_Calibration_Start)
../../libDaisy//build/libdaisy.a(stm32h7xx_hal_cortex.o)
                              ../../libDaisy//build/libdaisy.a(stm32h7xx_hal.o) (HAL_NVIC_SetPriorityGrouping)
../../libDaisy//build/libdaisy.a(stm32h7xx_hal_dma.o)
                              ../../libDaisy//build/libdaisy.a(adc.o) (HAL_DMA_Init)
../../libDaisy//build/libdaisy.a(stm32h7xx_hal_gpio.o)
                              ../../libDaisy//build/libdaisy.a(sdram.o) (HAL_GPIO_Init)
../../libDaisy//build/libdaisy.a(stm32h7xx_hal_hcd.o)
                              ../../libDaisy//build/libdaisy.a(usbh_conf.o) (HAL_HCD_HC_Init)
../../libDaisy//build/libdaisy.a(stm32h7xx_hal_i2c.o)
                              ../../libDaisy//build/libdaisy.a(i2c.o) (HAL_I2C_Init)
../../libDaisy//build/libdaisy.a(stm32h7xx_hal_i2c_ex.o)
                              ../../libDaisy//build/libdaisy.a(i2c.o) (HAL_I2CEx_ConfigAnalogFilter)
../../libDaisy//build/libdaisy.a(stm32h7xx_hal_pcd.o)
                              ../../libDaisy//build/libdaisy.a(usbd_conf.o) (HAL_PCD_Init)
../../libDaisy//build/libdaisy.a(stm32h7xx_hal_pcd_ex.o)
                              ../../libDaisy//build/libdaisy.a(usbd_conf.o) (HAL_PCDEx_SetTxFiFo)
../../libDaisy//build/libdaisy.a(stm32h7xx_hal_pwr_ex.o)
                              ../../libDaisy//build/libdaisy.a(system.o) (HAL_PWREx_ConfigSupply)
../../libDaisy//build/libdaisy.a(stm32h7xx_hal_qspi.o)
[...]
Memory Configuration

Name             Origin             Length             Attributes
FLASH            0x0000000008000000 0x0000000000020000 xr
DTCMRAM          0x0000000020000000 0x0000000000020000 xrw
SRAM             0x0000000024000000 0x0000000000080000 xrw
RAM_D2           0x0000000030000000 0x0000000000048000 xrw
RAM_D3           0x0000000038000000 0x0000000000010000 xrw
BACKUP_SRAM      0x0000000038800000 0x0000000000001000 xrw
ITCMRAM          0x0000000000000000 0x0000000000010000 xrw
SDRAM            0x00000000c0000000 0x0000000004000000 xrw
QSPIFLASH        0x0000000090000000 0x0000000000800000 xr
*default*        0x0000000000000000 0xffffffffffffffff

Linker script and memory map

LOAD /Applications/ARM/bin/../lib/gcc/arm-none-eabi/10.3.1/thumb/v7e-m+dp/hard/crti.o
LOAD /Applications/ARM/bin/../lib/gcc/arm-none-eabi/10.3.1/thumb/v7e-m+dp/hard/crtbegin.o
LOAD /Applications/ARM/bin/../lib/gcc/arm-none-eabi/10.3.1/../../../../arm-none-eabi/lib/thumb/v7e-m+dp/hard/crt0.o
LOAD build/startup_stm32h750xx.o
LOAD build/daisytusen.o
LOAD build/tusenskona.o
LOAD ../../libDaisy//build/libdaisy.a
LOAD /Applications/ARM/bin/../lib/gcc/arm-none-eabi/10.3.1/../../../../arm-none-eabi/lib/thumb/v7e-m+dp/hard/libnosys.a
LOAD ../../DaisySP//build/libdaisysp.a
LOAD /Applications/ARM/bin/../lib/gcc/arm-none-eabi/10.3.1/../../../../arm-none-eabi/lib/thumb/v7e-m+dp/hard/libstdc++_nano.a
LOAD /Applications/ARM/bin/../lib/gcc/arm-none-eabi/10.3.1/../../../../arm-none-eabi/lib/thumb/v7e-m+dp/hard/libm.a
LOAD /Applications/ARM/bin/../lib/gcc/arm-none-eabi/10.3.1/../../../../arm-none-eabi/lib/thumb/v7e-m+dp/hard/libc_nano.a
START GROUP
LOAD /Applications/ARM/bin/../lib/gcc/arm-none-eabi/10.3.1/thumb/v7e-m+dp/hard/libgcc.a
LOAD /Applications/ARM/bin/../lib/gcc/arm-none-eabi/10.3.1/../../../../arm-none-eabi/lib/thumb/v7e-m+dp/hard/libc_nano.a
END GROUP
START GROUP
LOAD /Applications/ARM/bin/../lib/gcc/arm-none-eabi/10.3.1/thumb/v7e-m+dp/hard/libgcc.a
LOAD /Applications/ARM/bin/../lib/gcc/arm-none-eabi/10.3.1/../../../../arm-none-eabi/lib/thumb/v7e-m+dp/hard/libc_nano.a
LOAD /Applications/ARM/bin/../lib/gcc/arm-none-eabi/10.3.1/../../../../arm-none-eabi/lib/thumb/v7e-m+dp/hard/libnosys.a
END GROUP
START GROUP
LOAD /Applications/ARM/bin/../lib/gcc/arm-none-eabi/10.3.1/thumb/v7e-m+dp/hard/libgcc.a
LOAD /Applications/ARM/bin/../lib/gcc/arm-none-eabi/10.3.1/../../../../arm-none-eabi/lib/thumb/v7e-m+dp/hard/libc_nano.a
LOAD /Applications/ARM/bin/../lib/gcc/arm-none-eabi/10.3.1/../../../../arm-none-eabi/lib/thumb/v7e-m+dp/hard/libnosys.a
END GROUP
LOAD /Applications/ARM/bin/../lib/gcc/arm-none-eabi/10.3.1/thumb/v7e-m+dp/hard/crtend.o
LOAD /Applications/ARM/bin/../lib/gcc/arm-none-eabi/10.3.1/thumb/v7e-m+dp/hard/crtn.o
                0x0000000020020000                _estack = 0x20020000

.isr_vector     0x0000000008000000      0x298
                0x0000000008000000                . = ALIGN (0x4)
 *(.isr_vector)
 .isr_vector    0x0000000008000000      0x298 build/startup_stm32h750xx.o
                0x0000000008000000                g_pfnVectors
                0x0000000008000298                . = ALIGN (0x4)

.text           0x0000000008000298    0x133d8
                0x0000000008000298                . = ALIGN (0x4)
                0x0000000008000298                _stext = .
 *(.text)
 .text          0x0000000008000298       0x40 /Applications/ARM/bin/../lib/gcc/arm-none-eabi/10.3.1/thumb/v7e-m+dp/hard/crtbegin.o
 .text          0x00000000080002d8      0x378 /Applications/ARM/bin/../lib/gcc/arm-none-eabi/10.3.1/thumb/v7e-m+dp/hard/libgcc.a(_arm_addsubdf3.o)
                0x00000000080002d8                __aeabi_drsub
                0x00000000080002e0                __subdf3
                0x00000000080002e0                __aeabi_dsub
                0x00000000080002e4                __aeabi_dadd
                0x00000000080002e4                __adddf3
                0x000000000800055c                __aeabi_ui2d
                0x000000000800055c                __floatunsidf
                0x000000000800057c                __floatsidf
                0x000000000800057c                __aeabi_i2d
                0x00000000080005a0                __extendsfdf2
                0x00000000080005a0                __aeabi_f2d
                0x00000000080005e4                __aeabi_ul2d
                0x00000000080005e4                __floatundidf
                0x00000000080005f4                __aeabi_l2d
                0x00000000080005f4                __floatdidf
 .text          0x0000000008000650       0x30 /Applications/ARM/bin/../lib/gcc/arm-none-eabi/10.3.1/thumb/v7e-m+dp/hard/libgcc.a(_aeabi_uldivmod.o)
                0x0000000008000650                __aeabi_uldivmod
 .text          0x0000000008000680      0x2d0 /Applications/ARM/bin/../lib/gcc/arm-none-eabi/10.3.1/thumb/v7e-m+dp/hard/libgcc.a(_udivmoddi4.o)
                0x0000000008000680                __udivmoddi4
 .text          0x0000000008000950        0x4 /Applications/ARM/bin/../lib/gcc/arm-none-eabi/10.3.1/thumb/v7e-m+dp/hard/libgcc.a(_dvmd_tls.o)
                0x0000000008000950                __aeabi_ldiv0
                0x0000000008000950                __aeabi_idiv0
 *(.text*)
 .text.Default_Handler
                0x0000000008000954        0x4 build/startup_stm32h750xx.o
                0x0000000008000954                SAI1_IRQHandler
                0x0000000008000954                HASH_RNG_IRQHandler
                0x0000000008000954                EXTI2_IRQHandler
                0x0000000008000954                TIM8_CC_IRQHandler
                0x0000000008000954                HRTIM1_Master_IRQHandler
                0x0000000008000954                DebugMon_Handler
                0x0000000008000954                TIM1_CC_IRQHandler
                0x0000000008000954                BDMA_Channel6_IRQHandler
                0x0000000008000954                DMA2_Stream5_IRQHandler
                0x0000000008000954                HRTIM1_FLT_IRQHandler
                0x0000000008000954                JPEG_IRQHandler
                0x0000000008000954                BDMA_Channel1_IRQHandler
                0x0000000008000954                HRTIM1_TIMD_IRQHandler
                0x0000000008000954                TAMP_STAMP_IRQHandler
                0x0000000008000954                PendSV_Handler
                0x0000000008000954                NMI_Handler
                0x0000000008000954                EXTI3_IRQHandler
                0x0000000008000954                LPTIM4_IRQHandler
                0x0000000008000954                TIM8_TRG_COM_TIM14_IRQHandler
                0x0000000008000954                LPTIM2_IRQHandler
                0x0000000008000954                DFSDM1_FLT1_IRQHandler
                0x0000000008000954                DMAMUX2_OVR_IRQHandler
                0x0000000008000954                TIM8_UP_TIM13_IRQHandler
                0x0000000008000954                I2C3_ER_IRQHandler
                0x0000000008000954                DFSDM1_FLT2_IRQHandler
                0x0000000008000954                MDMA_IRQHandler
                0x0000000008000954                LPTIM3_IRQHandler
                0x0000000008000954                HSEM1_IRQHandler
                0x0000000008000954                EXTI0_IRQHandler
                0x0000000008000954                FPU_IRQHandler
                0x0000000008000954                OTG_HS_WKUP_IRQHandler
                0x0000000008000954                FDCAN1_IT1_IRQHandler
                0x0000000008000954                UsageFault_Handler
                0x0000000008000954                LTDC_ER_IRQHandler
                0x0000000008000954                HRTIM1_TIME_IRQHandler
                0x0000000008000954                TIM6_DAC_IRQHandler
                0x0000000008000954                DCMI_IRQHandler
                0x0000000008000954                HRTIM1_TIMC_IRQHandler
                0x0000000008000954                SAI2_IRQHandler
                0x0000000008000954                DFSDM1_FLT3_IRQHandler
                0x0000000008000954                TIM17_IRQHandler
                0x0000000008000954                CRYP_IRQHandler
                0x0000000008000954                BDMA_Channel7_IRQHandler
                0x0000000008000954                LPTIM5_IRQHandler
                0x0000000008000954                ADC3_IRQHandler
                0x0000000008000954                DMA2_Stream0_IRQHandler
                0x0000000008000954                BDMA_Channel2_IRQHandler
                0x0000000008000954                DMAMUX1_OVR_IRQHandler
                0x0000000008000954                TIM16_IRQHandler
                0x0000000008000954                BDMA_Channel5_IRQHandler
                0x0000000008000954                RCC_IRQHandler
                0x0000000008000954                TIM8_BRK_TIM12_IRQHandler
                0x0000000008000954                TIM1_TRG_COM_IRQHandler
                0x0000000008000954                Default_Handler
                0x0000000008000954                ECC_IRQHandler
                0x0000000008000954                CEC_IRQHandler
                0x0000000008000954                EXTI15_10_IRQHandler
                0x0000000008000954                BDMA_Channel0_IRQHandler
                0x0000000008000954                ADC_IRQHandler
                0x0000000008000954                DMA1_Stream7_IRQHandler
                0x0000000008000954                HRTIM1_TIMA_IRQHandler
                0x0000000008000954                TIM7_IRQHandler
                0x0000000008000954                SDMMC1_IRQHandler
                0x0000000008000954                DMA2_Stream7_IRQHandler
                0x0000000008000954                TIM15_IRQHandler
                0x0000000008000954                PVD_AVD_IRQHandler
                0x0000000008000954                EXTI9_5_IRQHandler
                0x0000000008000954                RTC_WKUP_IRQHandler
                0x0000000008000954                LTDC_IRQHandler
                0x0000000008000954                SAI3_IRQHandler
                0x0000000008000954                ETH_WKUP_IRQHandler
                0x0000000008000954                SPDIF_RX_IRQHandler
                0x0000000008000954                MemManage_Handler
                0x0000000008000954                SVC_Handler
                0x0000000008000954                CRS_IRQHandler
                0x0000000008000954                EXTI4_IRQHandler
                0x0000000008000954                HRTIM1_TIMB_IRQHandler
                0x0000000008000954                FDCAN2_IT1_IRQHandler
                0x0000000008000954                ETH_IRQHandler
                0x0000000008000954                TIM1_UP_IRQHandler
                0x0000000008000954                BDMA_Channel4_IRQHandler
                0x0000000008000954                WWDG_IRQHandler
                0x0000000008000954                SPI6_IRQHandler
                0x0000000008000954                I2C4_EV_IRQHandler
                0x0000000008000954                MDIOS_IRQHandler
                0x0000000008000954                FDCAN2_IT0_IRQHandler
                0x0000000008000954                FDCAN1_IT0_IRQHandler
                0x0000000008000954                OTG_FS_WKUP_IRQHandler
                0x0000000008000954                DMA2D_IRQHandler
                0x0000000008000954                TIM1_BRK_IRQHandler
                0x0000000008000954                EXTI1_IRQHandler
                0x0000000008000954                SDMMC2_IRQHandler
                0x0000000008000954                OTG_FS_EP1_OUT_IRQHandler
                0x0000000008000954                BDMA_Channel3_IRQHandler
                0x0000000008000954                MDIOS_WKUP_IRQHandler
                0x0000000008000954                DFSDM1_FLT0_IRQHandler
                0x0000000008000954                SAI4_IRQHandler
                0x0000000008000954                I2C2_ER_IRQHandler
                0x0000000008000954                DMA2_Stream1_IRQHandler
                0x0000000008000954                FLASH_IRQHandler
                0x0000000008000954                BusFault_Handler
                0x0000000008000954                OTG_FS_IRQHandler
                0x0000000008000954                WAKEUP_PIN_IRQHandler
                0x0000000008000954                OTG_FS_EP1_IN_IRQHandler
                0x0000000008000954                I2C1_ER_IRQHandler
                0x0000000008000954                FMC_IRQHandler
                0x0000000008000954                FDCAN_CAL_IRQHandler
                0x0000000008000954                SWPMI1_IRQHandler
                0x0000000008000954                COMP1_IRQHandler
                0x0000000008000954                LPTIM1_IRQHandler
                0x0000000008000954                I2C4_ER_IRQHandler
                0x0000000008000954                DMA2_Stream6_IRQHandler
                0x0000000008000954                RTC_Alarm_IRQHandler
 .text.Reset_Handler
                0x0000000008000958       0x44 build/startup_stm32h750xx.o
                0x0000000008000958                Reset_Handler
 .text._ZN5daisy10TusenskonaD2Ev
                0x000000000800099c        0x4 build/daisytusen.o
                0x000000000800099c                daisy::Tusenskona::~Tusenskona()
                0x000000000800099c                daisy::Tusenskona::~Tusenskona()
 .text._ZN7daisysp10OscillatorD2Ev
                0x00000000080009a0        0x4 build/daisytusen.o
                0x00000000080009a0                daisysp::Oscillator::~Oscillator()
                0x00000000080009a0                daisysp::Oscillator::~Oscillator()
 .text._ZN7daisysp9DelayLineIfLj24000EED2Ev
                0x00000000080009a4        0x4 build/daisytusen.o
                0x00000000080009a4                daisysp::DelayLine<float, 24000u>::~DelayLine()
                0x00000000080009a4                daisysp::DelayLine<float, 24000u>::~DelayLine()
 .text._Z13AudioCallbackPKPKfPPfj
                0x00000000080009a8      0x148 build/daisytusen.o
                0x00000000080009a8                AudioCallback(float const* const*, float**, unsigned int)
 .text._Z14UpdateControlsv
                0x0000000008000af0      0x154 build/daisytusen.o
                0x0000000008000af0                UpdateControls()
 .text.startup.main
                0x0000000008000c44       0xe8 build/daisytusen.o
                0x0000000008000c44                main
 .text.startup._GLOBAL__sub_I_hw
                0x0000000008000d2c       0x58 build/daisytusen.o
 .text._ZN5daisy10Tusenskona10StartAudioEPFvPKPKfPPfjE
                0x0000000008000d84        0x4 build/tusenskona.o
                0x0000000008000d84                daisy::Tusenskona::StartAudio(void (*)(float const* const*, float**, unsigned int))
 .text._ZN5daisy10Tusenskona17SetAudioBlockSizeEj
                0x0000000008000d88       0x28 build/tusenskona.o
                0x0000000008000d88                daisy::Tusenskona::SetAudioBlockSize(unsigned int)
 .text._ZN5daisy10Tusenskona18SetAudioSampleRateENS_9SaiHandle6Config10SampleRateE
                0x0000000008000db0       0x28 build/tusenskona.o
                0x0000000008000db0                daisy::Tusenskona::SetAudioSampleRate(daisy::SaiHandle::Config::SampleRate)
 .text._ZN5daisy10Tusenskona8StartAdcEv
                0x0000000008000dd8        0x8 build/tusenskona.o
                0x0000000008000dd8                daisy::Tusenskona::StartAdc()
 .text._ZN5daisy10Tusenskona21ProcessAnalogControlsEv
                0x0000000008000de0       0x28 build/tusenskona.o
                0x0000000008000de0                daisy::Tusenskona::ProcessAnalogControls()
 .text._ZN5daisy10Tusenskona12GetKnobValueENS0_4KnobE
                0x0000000008000e08       0x14 build/tusenskona.o
                0x0000000008000e08                daisy::Tusenskona::GetKnobValue(daisy::Tusenskona::Knob)
 .text._ZN5daisy10Tusenskona22ProcessDigitalControlsEv
                0x0000000008000e1c       0x20 build/tusenskona.o
                0x0000000008000e1c                daisy::Tusenskona::ProcessDigitalControls()
 .text._ZN5daisy10Tusenskona10UpdateLedsEv
                0x0000000008000e3c        0x8 build/tusenskona.o
                0x0000000008000e3c                daisy::Tusenskona::UpdateLeds()
 .text._ZN5daisy10Tusenskona8InitLedsEv
                0x0000000008000e44       0x60 build/tusenskona.o
                0x0000000008000e44                daisy::Tusenskona::InitLeds()
 .text._ZN5daisy10Tusenskona9InitKnobsEv
                0x0000000008000ea4       0xc8 build/tusenskona.o
                0x0000000008000ea4                daisy::Tusenskona::InitKnobs()
 .text._ZN5daisy10Tusenskona4InitEb
                0x0000000008000f6c       0xb8 build/tusenskona.o
                0x0000000008000f6c                daisy::Tusenskona::Init(bool)
 .text._ZN5daisy9DaisySeed9ConfigureEv
                0x0000000008001024        0x4 ../../libDaisy//build/libdaisy.a(daisy_seed.o)
                0x0000000008001024                daisy::DaisySeed::Configure()
 .text._ZN5daisy9DaisySeed6GetPinEh
                0x0000000008001028       0x2c ../../libDaisy//build/libdaisy.a(daisy_seed.o)
                0x0000000008001028                daisy::DaisySeed::GetPin(unsigned char)
 .text._ZN5daisy9DaisySeed10StartAudioEPFvPKPKfPPfjE
                0x0000000008001054        0x8 ../../libDaisy//build/libdaisy.a(daisy_seed.o)
                0x0000000008001054                daisy::DaisySeed::StartAudio(void (*)(float const* const*, float**, unsigned int))
 .text._ZN5daisy9DaisySeed18SetAudioSampleRateENS_9SaiHandle6Config10SampleRateE
                0x000000000800105c       0x38 ../../libDaisy//build/libdaisy.a(daisy_seed.o)
                0x000000000800105c                daisy::DaisySeed::SetAudioSampleRate(daisy::SaiHandle::Config::SampleRate)
 .text._ZN5daisy9DaisySeed17SetAudioBlockSizeEj
                0x0000000008001094       0x38 ../../libDaisy//build/libdaisy.a(daisy_seed.o)
                0x0000000008001094                daisy::DaisySeed::SetAudioBlockSize(unsigned int)
 .text._ZNK5daisy9DaisySeed17AudioCallbackRateEv
                0x00000000080010cc        0x8 ../../libDaisy//build/libdaisy.a(daisy_seed.o)
                0x00000000080010cc                daisy::DaisySeed::AudioCallbackRate() const
 .text._ZN5daisy9DaisySeed17CheckBoardVersionEv
                0x00000000080010d4       0x6c ../../libDaisy//build/libdaisy.a(daisy_seed.o)
                0x00000000080010d4                daisy::DaisySeed::CheckBoardVersion()
 .text._ZN5daisy9DaisySeed14ConfigureAudioEv
                0x0000000008001140      0x104 ../../libDaisy//build/libdaisy.a(daisy_seed.o)
                0x0000000008001140                daisy::DaisySeed::ConfigureAudio()
 .text._ZN5daisy9DaisySeed4InitEb
                0x0000000008001244      0x108 ../../libDaisy//build/libdaisy.a(daisy_seed.o)
                0x0000000008001244                daisy::DaisySeed::Init(bool)
 .text._ZN5daisy6Ak45564InitE12dsy_gpio_pin
                0x000000000800134c       0x44 ../../libDaisy//build/libdaisy.a(codec_ak4556.o)
                0x000000000800134c                daisy::Ak4556::Init(dsy_gpio_pin)
 .text._ZN5daisy6Wm873120WriteControlRegisterEht
                0x0000000008001390       0x3c ../../libDaisy//build/libdaisy.a(codec_wm8731.o)
                0x0000000008001390                daisy::Wm8731::WriteControlRegister(unsigned char, unsigned short)
 .text._ZN5daisy6Wm87314InitERKNS0_6ConfigENS_9I2CHandleE
                0x00000000080013cc      0x1bc ../../libDaisy//build/libdaisy.a(codec_wm8731.o)
                0x00000000080013cc                daisy::Wm8731::Init(daisy::Wm8731::Config const&, daisy::I2CHandle)
 .text._ZN11SdramHandle10DeviceInitEv
                0x0000000008001588       0x98 ../../libDaisy//build/libdaisy.a(sdram.o)
                0x0000000008001588                SdramHandle::DeviceInit()
 .text._ZN11SdramHandle4InitEv
                0x0000000008001620       0x7c ../../libDaisy//build/libdaisy.a(sdram.o)
                0x0000000008001620                SdramHandle::Init()
 .text.HAL_SDRAM_MspInit
                0x000000000800169c      0x1a8 ../../libDaisy//build/libdaisy.a(sdram.o)
                0x000000000800169c                HAL_SDRAM_MspInit
 .text._ZN5daisy11AudioHandle4Impl16InternalCallbackEPlS2_j
                0x0000000008001844      0xbbc ../../libDaisy//build/libdaisy.a(audio.o)
                0x0000000008001844                daisy::AudioHandle::Impl::InternalCallback(long*, long*, unsigned int)
 .text._ZN5daisy11AudioHandle4InitERKNS0_6ConfigENS_9SaiHandleE
                0x0000000008002400       0x70 ../../libDaisy//build/libdaisy.a(audio.o)
                0x0000000008002400                daisy::AudioHandle::Init(daisy::AudioHandle::Config const&, daisy::SaiHandle)
 .text._ZNK5daisy11AudioHandle9GetConfigEv
                0x0000000008002470        0x8 ../../libDaisy//build/libdaisy.a(audio.o)
                0x0000000008002470                daisy::AudioHandle::GetConfig() const
 .text._ZN5daisy11AudioHandle12SetBlockSizeEj
                0x0000000008002478       0x1c ../../libDaisy//build/libdaisy.a(audio.o)
                0x0000000008002478                daisy::AudioHandle::SetBlockSize(unsigned int)
 .text._ZN5daisy11AudioHandle13GetSampleRateEv
                0x0000000008002494        0x8 ../../libDaisy//build/libdaisy.a(audio.o)
                0x0000000008002494                daisy::AudioHandle::GetSampleRate()
 .text._ZN5daisy11AudioHandle13SetSampleRateENS_9SaiHandle6Config10SampleRateE
                0x000000000800249c       0x88 ../../libDaisy//build/libdaisy.a(audio.o)
                0x000000000800249c                daisy::AudioHandle::SetSampleRate(daisy::SaiHandle::Config::SampleRate)
 .text._ZN5daisy11AudioHandle5StartEPFvPKPKfPPfjE
                0x0000000008002524       0x44 ../../libDaisy//build/libdaisy.a(audio.o)
                0x0000000008002524                daisy::AudioHandle::Start(void (*)(float const* const*, float**, unsigned int))
 .text.startup._GLOBAL__sub_I__ZN5daisy11AudioHandle4Impl4InitENS0_6ConfigENS_9SaiHandleE
                0x0000000008002568       0x24 ../../libDaisy//build/libdaisy.a(audio.o)
 .text._ZN5daisy13AnalogControl4InitEPtfbbf
                0x000000000800258c       0x64 ../../libDaisy//build/libdaisy.a(ctrl.o)
                0x000000000800258c                daisy::AnalogControl::Init(unsigned short*, float, bool, bool, float)
 .text._ZN5daisy13AnalogControl7ProcessEv
                0x00000000080025f0       0x48 ../../libDaisy//build/libdaisy.a(ctrl.o)
                0x00000000080025f0                daisy::AnalogControl::Process()
 .text._ZN5daisy13AnalogControl13SetSampleRateEf
                0x0000000008002638       0x58 ../../libDaisy//build/libdaisy.a(ctrl.o)
                0x0000000008002638                daisy::AnalogControl::SetSampleRate(float)
 .text._ZN5daisy7Encoder4InitE12dsy_gpio_pinS1_S1_f
                0x0000000008002690       0x60 ../../libDaisy//build/libdaisy.a(encoder.o)
                0x0000000008002690                daisy::Encoder::Init(dsy_gpio_pin, dsy_gpio_pin, dsy_gpio_pin, float)
 .text._ZN5daisy7Encoder8DebounceEv
                0x00000000080026f0       0x7c ../../libDaisy//build/libdaisy.a(encoder.o)
                0x00000000080026f0                daisy::Encoder::Debounce()
 .text._ZN5daisy6RgbLed4InitE12dsy_gpio_pinS1_S1_b
                0x000000000800276c       0x50 ../../libDaisy//build/libdaisy.a(rgb_led.o)
                0x000000000800276c                daisy::RgbLed::Init(dsy_gpio_pin, dsy_gpio_pin, dsy_gpio_pin, bool)
 .text._ZN5daisy6RgbLed3SetEfff
                0x00000000080027bc       0x34 ../../libDaisy//build/libdaisy.a(rgb_led.o)
                0x00000000080027bc                daisy::RgbLed::Set(float, float, float)
 .text._ZN5daisy6RgbLed6UpdateEv
                0x00000000080027f0       0x1c ../../libDaisy//build/libdaisy.a(rgb_led.o)
                0x00000000080027f0                daisy::RgbLed::Update()
 .text._ZN5daisy6Switch4InitE12dsy_gpio_pinf
                0x000000000800280c       0x34 ../../libDaisy//build/libdaisy.a(switch.o)
                0x000000000800280c                daisy::Switch::Init(dsy_gpio_pin, float)
 .text._ZN5daisy6Switch8DebounceEv
                0x0000000008002840       0x5c ../../libDaisy//build/libdaisy.a(switch.o)
                0x0000000008002840                daisy::Switch::Debounce()
 .text._ZN5daisy16AdcChannelConfig10InitSingleE12dsy_gpio_pinNS0_15ConversionSpeedE
                0x000000000800289c       0x28 ../../libDaisy//build/libdaisy.a(adc.o)
                0x000000000800289c                daisy::AdcChannelConfig::InitSingle(dsy_gpio_pin, daisy::AdcChannelConfig::ConversionSpeed)
 .text._ZN5daisy9AdcHandle4InitEPNS_16AdcChannelConfigEjNS0_12OverSamplingE
                0x00000000080028c4      0x41c ../../libDaisy//build/libdaisy.a(adc.o)
                0x00000000080028c4                daisy::AdcHandle::Init(daisy::AdcChannelConfig*, unsigned int, daisy::AdcHandle::OverSampling)
 .text._ZN5daisy9AdcHandle5StartEv
                0x0000000008002ce0       0x2c ../../libDaisy//build/libdaisy.a(adc.o)
                0x0000000008002ce0                daisy::AdcHandle::Start()
 .text._ZNK5daisy9AdcHandle6GetPtrEh
                0x0000000008002d0c       0x14 ../../libDaisy//build/libdaisy.a(adc.o)
                0x0000000008002d0c                daisy::AdcHandle::GetPtr(unsigned char) const
 .text.HAL_ADC_MspInit
                0x0000000008002d20       0x98 ../../libDaisy//build/libdaisy.a(adc.o)
                0x0000000008002d20                HAL_ADC_MspInit
 .text.DMA1_Stream2_IRQHandler
                0x0000000008002db8        0xc ../../libDaisy//build/libdaisy.a(adc.o)
                0x0000000008002db8                DMA1_Stream2_IRQHandler
 .text.HAL_ADC_ConvCpltCallback
                0x0000000008002dc4      0x148 ../../libDaisy//build/libdaisy.a(adc.o)
                0x0000000008002dc4                HAL_ADC_ConvCpltCallback
 .text.HAL_ADC_ErrorCallback
                0x0000000008002f0c        0x4 ../../libDaisy//build/libdaisy.a(adc.o)
                0x0000000008002f0c                HAL_ADC_ErrorCallback
 .text._ZN5daisy4GPIO4InitENS_3PinENS0_4ModeENS0_4PullENS0_5SpeedE
                0x0000000008002f10      0x1cc ../../libDaisy//build/libdaisy.a(gpio.o)
                0x0000000008002f10                daisy::GPIO::Init(daisy::Pin, daisy::GPIO::Mode, daisy::GPIO::Pull, daisy::GPIO::Speed)
 .text._ZN5daisy4GPIO4ReadEv
                0x00000000080030dc       0x18 ../../libDaisy//build/libdaisy.a(gpio.o)
                0x00000000080030dc                daisy::GPIO::Read()
 .text._ZN5daisy4GPIO5WriteEb
                0x00000000080030f4       0x14 ../../libDaisy//build/libdaisy.a(gpio.o)
                0x00000000080030f4                daisy::GPIO::Write(bool)
 .text.dsy_gpio_init
                0x0000000008003108      0x1b8 ../../libDaisy//build/libdaisy.a(gpio.o)
                0x0000000008003108                dsy_gpio_init
 .text.dsy_gpio_read
                0x00000000080032c0       0x1c ../../libDaisy//build/libdaisy.a(gpio.o)
                0x00000000080032c0                dsy_gpio_read
 .text.dsy_gpio_write
                0x00000000080032dc       0x24 ../../libDaisy//build/libdaisy.a(gpio.o)
                0x00000000080032dc                dsy_gpio_write
 .text._ZN5daisy9I2CHandle4Impl8InitPinsEv
                0x0000000008003300       0x58 ../../libDaisy//build/libdaisy.a(i2c.o)
                0x0000000008003300                daisy::I2CHandle::Impl::InitPins()
 .text.HAL_I2C_MspInit
                0x0000000008003358      0x1b4 ../../libDaisy//build/libdaisy.a(i2c.o)
                0x0000000008003358                HAL_I2C_MspInit
 .text.dsy_i2c_global_init
                0x000000000800350c       0x78 ../../libDaisy//build/libdaisy.a(i2c.o)
                0x000000000800350c                dsy_i2c_global_init
 .text.DMA1_Stream6_IRQHandler
                0x0000000008003584       0x34 ../../libDaisy//build/libdaisy.a(i2c.o)
                0x0000000008003584                DMA1_Stream6_IRQHandler
 .text.I2C1_EV_IRQHandler
                0x00000000080035b8        0xc ../../libDaisy//build/libdaisy.a(i2c.o)
                0x00000000080035b8                I2C1_EV_IRQHandler
 .text.I2C2_EV_IRQHandler
                0x00000000080035c4        0xc ../../libDaisy//build/libdaisy.a(i2c.o)
                0x00000000080035c4                I2C2_EV_IRQHandler
 .text.I2C3_EV_IRQHandler
                0x00000000080035d0        0xc ../../libDaisy//build/libdaisy.a(i2c.o)
                0x00000000080035d0                I2C3_EV_IRQHandler
 .text._ZN5daisy9I2CHandle4InitERKNS0_6ConfigE
                0x00000000080035dc      0x134 ../../libDaisy//build/libdaisy.a(i2c.o)
                0x00000000080035dc                daisy::I2CHandle::Init(daisy::I2CHandle::Config const&)
 .text._ZN5daisy9I2CHandle16TransmitBlockingEtPhtm
                0x0000000008003710       0x50 ../../libDaisy//build/libdaisy.a(i2c.o)
                0x0000000008003710                daisy::I2CHandle::TransmitBlocking(unsigned short, unsigned char*, unsigned short, unsigned long)
 .text.startup._GLOBAL__sub_I__ZN5daisy9I2CHandle4Impl10GlobalInitEv
                0x0000000008003760       0x18 ../../libDaisy//build/libdaisy.a(i2c.o)
 .text._ZN5daisy10QSPIHandle4Impl11WriteEnableEv
                0x0000000008003778       0x8c ../../libDaisy//build/libdaisy.a(qspi.o)
                0x0000000008003778                daisy::QSPIHandle::Impl::WriteEnable()
 *fill*         0x0000000008003804        0x4 
 .text._ZN5daisy10QSPIHandle4Impl17DummyCyclesConfigENS0_6Config6DeviceE
                0x0000000008003808      0x118 ../../libDaisy//build/libdaisy.a(qspi.o)
                0x0000000008003808                daisy::QSPIHandle::Impl::DummyCyclesConfig(daisy::QSPIHandle::Config::Device)
 .text._ZN5daisy10QSPIHandle4Impl10QuadEnableEv
                0x0000000008003920      0x158 ../../libDaisy//build/libdaisy.a(qspi.o)
                0x0000000008003920                daisy::QSPIHandle::Impl::QuadEnable()
 .text._ZN5daisy10QSPIHandle4InitERKNS0_6ConfigE
                0x0000000008003a78      0x18c ../../libDaisy//build/libdaisy.a(qspi.o)
                0x0000000008003a78                daisy::QSPIHandle::Init(daisy::QSPIHandle::Config const&)
 .text.HAL_QSPI_MspInit
                0x0000000008003c04      0x11c ../../libDaisy//build/libdaisy.a(qspi.o)
                0x0000000008003c04                HAL_QSPI_MspInit
 .text.HAL_QSPI_MspDeInit
                0x0000000008003d20       0x54 ../../libDaisy//build/libdaisy.a(qspi.o)
                0x0000000008003d20                HAL_QSPI_MspDeInit
 .text.QUADSPI_IRQHandler
                0x0000000008003d74        0xc ../../libDaisy//build/libdaisy.a(qspi.o)
                0x0000000008003d74                QUADSPI_IRQHandler
 .text.startup._GLOBAL__sub_I__ZN5daisy10QSPIHandle4Impl4InitERKNS0_6ConfigE
                0x0000000008003d80       0x28 ../../libDaisy//build/libdaisy.a(qspi.o)
 .text._ZN5daisy9SaiHandle4Impl7InitDmaENS1_15PeripheralBlockE
                0x0000000008003da8       0xa0 ../../libDaisy//build/libdaisy.a(sai.o)
                0x0000000008003da8                daisy::SaiHandle::Impl::InitDma(daisy::SaiHandle::Impl::PeripheralBlock)
 .text._ZN5daisy9SaiHandle4Impl8InitPinsEv
                0x0000000008003e48       0xa8 ../../libDaisy//build/libdaisy.a(sai.o)
                0x0000000008003e48                daisy::SaiHandle::Impl::InitPins()
 .text.HAL_SAI_MspInit
                0x0000000008003ef0      0x164 ../../libDaisy//build/libdaisy.a(sai.o)
                0x0000000008003ef0                HAL_SAI_MspInit
 .text.DMA1_Stream0_IRQHandler
                0x0000000008004054        0xc ../../libDaisy//build/libdaisy.a(sai.o)
                0x0000000008004054                DMA1_Stream0_IRQHandler
 .text.DMA1_Stream1_IRQHandler
                0x0000000008004060        0xc ../../libDaisy//build/libdaisy.a(sai.o)
                0x0000000008004060                DMA1_Stream1_IRQHandler
 .text.DMA1_Stream3_IRQHandler
                0x000000000800406c        0xc ../../libDaisy//build/libdaisy.a(sai.o)
                0x000000000800406c                DMA1_Stream3_IRQHandler
 .text.DMA1_Stream4_IRQHandler
                0x0000000008004078        0xc ../../libDaisy//build/libdaisy.a(sai.o)
                0x0000000008004078                DMA1_Stream4_IRQHandler
 .text.HAL_SAI_RxHalfCpltCallback
                0x0000000008004084       0x78 ../../libDaisy//build/libdaisy.a(sai.o)
                0x0000000008004084                HAL_SAI_RxHalfCpltCallback
 .text.HAL_SAI_RxCpltCallback
                0x00000000080040fc       0x70 ../../libDaisy//build/libdaisy.a(sai.o)
                0x00000000080040fc                HAL_SAI_RxCpltCallback
 *fill*         0x000000000800416c        0x4 
 .text._ZN5daisy9SaiHandle4InitERKNS0_6ConfigE
                0x0000000008004170      0x1f0 ../../libDaisy//build/libdaisy.a(sai.o)
                0x0000000008004170                daisy::SaiHandle::Init(daisy::SaiHandle::Config const&)
 .text._ZNK5daisy9SaiHandle9GetConfigEv
                0x0000000008004360        0x4 ../../libDaisy//build/libdaisy.a(sai.o)
                0x0000000008004360                daisy::SaiHandle::GetConfig() const
 .text._ZN5daisy9SaiHandle8StartDmaEPlS1_jPFvS1_S1_jE
                0x0000000008004364       0xbc ../../libDaisy//build/libdaisy.a(sai.o)
                0x0000000008004364                daisy::SaiHandle::StartDma(long*, long*, unsigned int, void (*)(long*, long*, unsigned int))
 .text._ZN5daisy9SaiHandle13GetSampleRateEv
                0x0000000008004420       0x24 ../../libDaisy//build/libdaisy.a(sai.o)
                0x0000000008004420                daisy::SaiHandle::GetSampleRate()
 .text._ZNK5daisy9SaiHandle9GetOffsetEv
                0x0000000008004444        0x8 ../../libDaisy//build/libdaisy.a(sai.o)
                0x0000000008004444                daisy::SaiHandle::GetOffset() const
 .text._ZN5daisy11TimerHandleD2Ev
                0x000000000800444c        0x4 ../../libDaisy//build/libdaisy.a(system.o)
                0x000000000800444c                daisy::TimerHandle::~TimerHandle()
                0x000000000800444c                daisy::TimerHandle::~TimerHandle()
 .text.SysTick_Handler
                0x0000000008004450       0x10 ../../libDaisy//build/libdaisy.a(system.o)
                0x0000000008004450                SysTick_Handler
 .text.OTG_HS_EP1_OUT_IRQHandler
                0x0000000008004460       0x24 ../../libDaisy//build/libdaisy.a(system.o)
                0x0000000008004460                OTG_HS_EP1_OUT_IRQHandler
 .text.OTG_HS_EP1_IN_IRQHandler
                0x0000000008004484       0x24 ../../libDaisy//build/libdaisy.a(system.o)
                0x0000000008004484                OTG_HS_EP1_IN_IRQHandler
 .text.OTG_HS_IRQHandler
                0x00000000080044a8       0x24 ../../libDaisy//build/libdaisy.a(system.o)
                0x00000000080044a8                OTG_HS_IRQHandler
 .text.HardFault_Handler
                0x00000000080044cc       0xe0 ../../libDaisy//build/libdaisy.a(system.o)
                0x00000000080044cc                HardFault_Handler
 .text._ZN5daisy6System6GetNowEv
                0x00000000080045ac        0x4 ../../libDaisy//build/libdaisy.a(system.o)
                0x00000000080045ac                daisy::System::GetNow()
 .text._ZN5daisy6System5DelayEm
                0x00000000080045b0        0x4 ../../libDaisy//build/libdaisy.a(system.o)
                0x00000000080045b0                daisy::System::Delay(unsigned long)
 .text._ZN5daisy6System20GetBootloaderVersionEv
                0x00000000080045b4       0x34 ../../libDaisy//build/libdaisy.a(system.o)
                0x00000000080045b4                daisy::System::GetBootloaderVersion()
 .text._ZN5daisy6System15ConfigureClocksEv
                0x00000000080045e8      0x1a4 ../../libDaisy//build/libdaisy.a(system.o)
                0x00000000080045e8                daisy::System::ConfigureClocks()
 .text._ZN5daisy6System12ConfigureMpuEv
                0x000000000800478c       0x7c ../../libDaisy//build/libdaisy.a(system.o)
                0x000000000800478c                daisy::System::ConfigureMpu()
 .text._ZN5daisy6System4InitERKNS0_6ConfigE
                0x0000000008004808       0xf8 ../../libDaisy//build/libdaisy.a(system.o)
                0x0000000008004808                daisy::System::Init(daisy::System::Config const&)
 .text._ZN5daisy6System12GetPClk1FreqEv
                0x0000000008004900        0x4 ../../libDaisy//build/libdaisy.a(system.o)
                0x0000000008004900                daisy::System::GetPClk1Freq()
 .text._ZN5daisy6System22GetProgramMemoryRegionEv
                0x0000000008004904       0x78 ../../libDaisy//build/libdaisy.a(system.o)
                0x0000000008004904                daisy::System::GetProgramMemoryRegion()
 .text.startup._GLOBAL__sub_I__ZN5daisy9boot_infoE
                0x000000000800497c       0x1c ../../libDaisy//build/libdaisy.a(system.o)
 .text.SystemInit
                0x0000000008004998       0x9c ../../libDaisy//build/libdaisy.a(system_stm32h7xx.o)
                0x0000000008004998                SystemInit
 .text.HAL_PCD_SetupStageCallback
                0x0000000008004a34        0xc ../../libDaisy//build/libdaisy.a(usbd_conf.o)
                0x0000000008004a34                HAL_PCD_SetupStageCallback
 .text.HAL_PCD_DataOutStageCallback
                0x0000000008004a40       0x14 ../../libDaisy//build/libdaisy.a(usbd_conf.o)
                0x0000000008004a40                HAL_PCD_DataOutStageCallback
 .text.HAL_PCD_DataInStageCallback
                0x0000000008004a54       0x14 ../../libDaisy//build/libdaisy.a(usbd_conf.o)
                0x0000000008004a54                HAL_PCD_DataInStageCallback
 .text.HAL_PCD_SOFCallback
                0x0000000008004a68        0x8 ../../libDaisy//build/libdaisy.a(usbd_conf.o)
                0x0000000008004a68                HAL_PCD_SOFCallback
 .text.HAL_PCD_ResetCallback
                0x0000000008004a70       0x24 ../../libDaisy//build/libdaisy.a(usbd_conf.o)
                0x0000000008004a70                HAL_PCD_ResetCallback
 .text.HAL_PCD_SuspendCallback
                0x0000000008004a94       0x30 ../../libDaisy//build/libdaisy.a(usbd_conf.o)
                0x0000000008004a94                HAL_PCD_SuspendCallback
 .text.HAL_PCD_ResumeCallback
                0x0000000008004ac4        0x8 ../../libDaisy//build/libdaisy.a(usbd_conf.o)
                0x0000000008004ac4                HAL_PCD_ResumeCallback
 .text.HAL_PCD_ISOOUTIncompleteCallback
                0x0000000008004acc        0x8 ../../libDaisy//build/libdaisy.a(usbd_conf.o)
                0x0000000008004acc                HAL_PCD_ISOOUTIncompleteCallback
 .text.HAL_PCD_ISOINIncompleteCallback
                0x0000000008004ad4        0x8 ../../libDaisy//build/libdaisy.a(usbd_conf.o)
                0x0000000008004ad4                HAL_PCD_ISOINIncompleteCallback
 .text.HAL_PCD_ConnectCallback
                0x0000000008004adc        0x8 ../../libDaisy//build/libdaisy.a(usbd_conf.o)
                0x0000000008004adc                HAL_PCD_ConnectCallback
 .text.HAL_PCD_DisconnectCallback
                0x0000000008004ae4        0x8 ../../libDaisy//build/libdaisy.a(usbd_conf.o)
                0x0000000008004ae4                HAL_PCD_DisconnectCallback
 .text.USBD_LL_OpenEP
                0x0000000008004aec       0x24 ../../libDaisy//build/libdaisy.a(usbd_conf.o)
                0x0000000008004aec                USBD_LL_OpenEP
 .text.USBD_LL_StallEP
                0x0000000008004b10       0x1c ../../libDaisy//build/libdaisy.a(usbd_conf.o)
                0x0000000008004b10                USBD_LL_StallEP
 .text.USBD_LL_ClearStallEP
                0x0000000008004b2c       0x1c ../../libDaisy//build/libdaisy.a(usbd_conf.o)
                0x0000000008004b2c                USBD_LL_ClearStallEP
 .text.USBD_LL_IsStallEP
                0x0000000008004b48       0x28 ../../libDaisy//build/libdaisy.a(usbd_conf.o)
                0x0000000008004b48                USBD_LL_IsStallEP
 .text.USBD_LL_SetUSBAddress
                0x0000000008004b70       0x1c ../../libDaisy//build/libdaisy.a(usbd_conf.o)
                0x0000000008004b70                USBD_LL_SetUSBAddress
 .text.USBD_LL_Transmit
                0x0000000008004b8c       0x1c ../../libDaisy//build/libdaisy.a(usbd_conf.o)
                0x0000000008004b8c                USBD_LL_Transmit
 .text.USBD_LL_PrepareReceive
                0x0000000008004ba8       0x1c ../../libDaisy//build/libdaisy.a(usbd_conf.o)
                0x0000000008004ba8                USBD_LL_PrepareReceive
 .text.HAL_HCD_SOF_Callback
                0x0000000008004bc4        0x8 ../../libDaisy//build/libdaisy.a(usbh_conf.o)
                0x0000000008004bc4                HAL_HCD_SOF_Callback
 .text.HAL_HCD_Connect_Callback
                0x0000000008004bcc        0x8 ../../libDaisy//build/libdaisy.a(usbh_conf.o)
                0x0000000008004bcc                HAL_HCD_Connect_Callback
 .text.HAL_HCD_Disconnect_Callback
                0x0000000008004bd4        0x8 ../../libDaisy//build/libdaisy.a(usbh_conf.o)
                0x0000000008004bd4                HAL_HCD_Disconnect_Callback
 .text.HAL_HCD_HC_NotifyURBChange_Callback
                0x0000000008004bdc        0x4 ../../libDaisy//build/libdaisy.a(usbh_conf.o)
                0x0000000008004bdc                HAL_HCD_HC_NotifyURBChange_Callback
 .text.HAL_HCD_PortEnabled_Callback
                0x0000000008004be0        0x8 ../../libDaisy//build/libdaisy.a(usbh_conf.o)
                0x0000000008004be0                HAL_HCD_PortEnabled_Callback
 .text.HAL_HCD_PortDisabled_Callback
                0x0000000008004be8        0x8 ../../libDaisy//build/libdaisy.a(usbh_conf.o)
                0x0000000008004be8                HAL_HCD_PortDisabled_Callback
 .text.USBH_LL_Stop
                0x0000000008004bf0       0x1c ../../libDaisy//build/libdaisy.a(usbh_conf.o)
                0x0000000008004bf0                USBH_LL_Stop
 .text.dsy_hal_map_get_port
                0x0000000008004c0c       0x10 ../../libDaisy//build/libdaisy.a(hal_map.o)
                0x0000000008004c0c                dsy_hal_map_get_port
 .text.dsy_hal_map_get_pin
                0x0000000008004c1c       0x10 ../../libDaisy//build/libdaisy.a(hal_map.o)
                0x0000000008004c1c                dsy_hal_map_get_pin
 .text.dsy_hal_map_gpio_clk_enable
                0x0000000008004c2c      0x150 ../../libDaisy//build/libdaisy.a(hal_map.o)
                0x0000000008004c2c                dsy_hal_map_gpio_clk_enable
 .text.HAL_MspInit
                0x0000000008004d7c        0x4 ../../libDaisy//build/libdaisy.a(stm32h7xx_hal.o)
                0x0000000008004d7c                HAL_MspInit
 .text.HAL_InitTick
                0x0000000008004d80       0x4c ../../libDaisy//build/libdaisy.a(stm32h7xx_hal.o)
                0x0000000008004d80                HAL_InitTick
 .text.HAL_Init
                0x0000000008004dcc       0x60 ../../libDaisy//build/libdaisy.a(stm32h7xx_hal.o)
                0x0000000008004dcc                HAL_Init
 .text.HAL_IncTick
                0x0000000008004e2c       0x18 ../../libDaisy//build/libdaisy.a(stm32h7xx_hal.o)
                0x0000000008004e2c                HAL_IncTick
 .text.HAL_GetTick
                0x0000000008004e44        0xc ../../libDaisy//build/libdaisy.a(stm32h7xx_hal.o)
                0x0000000008004e44                HAL_GetTick
 .text.HAL_Delay
                0x0000000008004e50       0x24 ../../libDaisy//build/libdaisy.a(stm32h7xx_hal.o)
                0x0000000008004e50                HAL_Delay
 .text.HAL_GetREVID
                0x0000000008004e74        0xc ../../libDaisy//build/libdaisy.a(stm32h7xx_hal.o)
                0x0000000008004e74                HAL_GetREVID
 .text.HAL_ADC_ConvHalfCpltCallback
                0x0000000008004e80        0x4 ../../libDaisy//build/libdaisy.a(stm32h7xx_hal_adc.o)
                0x0000000008004e80                HAL_ADC_ConvHalfCpltCallback
 .text.ADC_DMAHalfConvCplt
                0x0000000008004e84        0xc ../../libDaisy//build/libdaisy.a(stm32h7xx_hal_adc.o)
                0x0000000008004e84                ADC_DMAHalfConvCplt
 .text.ADC_DMAConvCplt
                0x0000000008004e90       0x6c ../../libDaisy//build/libdaisy.a(stm32h7xx_hal_adc.o)
                0x0000000008004e90                ADC_DMAConvCplt
 .text.ADC_DMAError
                0x0000000008004efc       0x1c ../../libDaisy//build/libdaisy.a(stm32h7xx_hal_adc.o)
                0x0000000008004efc                ADC_DMAError
 .text.HAL_ADC_ConfigChannel
                0x0000000008004f18      0x440 ../../libDaisy//build/libdaisy.a(stm32h7xx_hal_adc.o)
                0x0000000008004f18                HAL_ADC_ConfigChannel
 .text.ADC_Enable
                0x0000000008005358       0xac ../../libDaisy//build/libdaisy.a(stm32h7xx_hal_adc.o)
                0x0000000008005358                ADC_Enable
 .text.HAL_ADC_Start_DMA
                0x0000000008005404      0x124 ../../libDaisy//build/libdaisy.a(stm32h7xx_hal_adc.o)
                0x0000000008005404                HAL_ADC_Start_DMA
 .text.ADC_Disable
                0x0000000008005528       0x74 ../../libDaisy//build/libdaisy.a(stm32h7xx_hal_adc.o)
                0x0000000008005528                ADC_Disable
 .text.ADC_ConfigureBoostMode
                0x000000000800559c      0x17c ../../libDaisy//build/libdaisy.a(stm32h7xx_hal_adc.o)
                0x000000000800559c                ADC_ConfigureBoostMode
 .text.HAL_ADC_Init
                0x0000000008005718      0x21c ../../libDaisy//build/libdaisy.a(stm32h7xx_hal_adc.o)
                0x0000000008005718                HAL_ADC_Init
 .text.HAL_ADCEx_Calibration_Start
                0x0000000008005934       0xa4 ../../libDaisy//build/libdaisy.a(stm32h7xx_hal_adc_ex.o)
                0x0000000008005934                HAL_ADCEx_Calibration_Start
 .text.HAL_ADCEx_MultiModeConfigChannel
                0x00000000080059d8       0xd0 ../../libDaisy//build/libdaisy.a(stm32h7xx_hal_adc_ex.o)
                0x00000000080059d8                HAL_ADCEx_MultiModeConfigChannel
 .text.HAL_NVIC_SetPriorityGrouping
                0x0000000008005aa8       0x24 ../../libDaisy//build/libdaisy.a(stm32h7xx_hal_cortex.o)
                0x0000000008005aa8                HAL_NVIC_SetPriorityGrouping
 .text.HAL_NVIC_SetPriority
                0x0000000008005acc       0x7c ../../libDaisy//build/libdaisy.a(stm32h7xx_hal_cortex.o)
                0x0000000008005acc                HAL_NVIC_SetPriority
 .text.HAL_NVIC_EnableIRQ
                0x0000000008005b48       0x1c ../../libDaisy//build/libdaisy.a(stm32h7xx_hal_cortex.o)
                0x0000000008005b48                HAL_NVIC_EnableIRQ
 .text.HAL_NVIC_DisableIRQ
                0x0000000008005b64       0x28 ../../libDaisy//build/libdaisy.a(stm32h7xx_hal_cortex.o)
                0x0000000008005b64                HAL_NVIC_DisableIRQ
 .text.HAL_SYSTICK_Config
                0x0000000008005b8c       0x2c ../../libDaisy//build/libdaisy.a(stm32h7xx_hal_cortex.o)
                0x0000000008005b8c                HAL_SYSTICK_Config
 .text.HAL_MPU_Disable
                0x0000000008005bb8       0x1c ../../libDaisy//build/libdaisy.a(stm32h7xx_hal_cortex.o)
                0x0000000008005bb8                HAL_MPU_Disable
 .text.HAL_MPU_Enable
                0x0000000008005bd4       0x20 ../../libDaisy//build/libdaisy.a(stm32h7xx_hal_cortex.o)
                0x0000000008005bd4                HAL_MPU_Enable
 .text.HAL_MPU_ConfigRegion
                0x0000000008005bf4       0x64 ../../libDaisy//build/libdaisy.a(stm32h7xx_hal_cortex.o)
                0x0000000008005bf4                HAL_MPU_ConfigRegion
 .text.HAL_SYSTICK_Callback
                0x0000000008005c58        0x4 ../../libDaisy//build/libdaisy.a(stm32h7xx_hal_cortex.o)
                0x0000000008005c58                HAL_SYSTICK_Callback
 .text.HAL_SYSTICK_IRQHandler
                0x0000000008005c5c        0x8 ../../libDaisy//build/libdaisy.a(stm32h7xx_hal_cortex.o)
                0x0000000008005c5c                HAL_SYSTICK_IRQHandler
 .text.DMA_CalcBaseAndBitshift
                0x0000000008005c64       0xf4 ../../libDaisy//build/libdaisy.a(stm32h7xx_hal_dma.o)
 .text.DMA_CalcDMAMUXChannelBaseAndMask
                0x0000000008005d58       0xd8 ../../libDaisy//build/libdaisy.a(stm32h7xx_hal_dma.o)
 .text.HAL_DMA_Init
                0x0000000008005e30      0x4dc ../../libDaisy//build/libdaisy.a(stm32h7xx_hal_dma.o)
                0x0000000008005e30                HAL_DMA_Init
 .text.HAL_DMA_Start_IT
                0x000000000800630c      0x330 ../../libDaisy//build/libdaisy.a(stm32h7xx_hal_dma.o)
                0x000000000800630c                HAL_DMA_Start_IT
 .text.HAL_DMA_Abort
                0x000000000800663c      0x2f0 ../../libDaisy//build/libdaisy.a(stm32h7xx_hal_dma.o)
                0x000000000800663c                HAL_DMA_Abort
 .text.HAL_DMA_Abort_IT
                0x000000000800692c      0x194 ../../libDaisy//build/libdaisy.a(stm32h7xx_hal_dma.o)
                0x000000000800692c                HAL_DMA_Abort_IT
 .text.HAL_DMA_IRQHandler
                0x0000000008006ac0      0x6a0 ../../libDaisy//build/libdaisy.a(stm32h7xx_hal_dma.o)
                0x0000000008006ac0                HAL_DMA_IRQHandler
 .text.HAL_DMA_GetError
                0x0000000008007160        0x4 ../../libDaisy//build/libdaisy.a(stm32h7xx_hal_dma.o)
                0x0000000008007160                HAL_DMA_GetError
 .text.HAL_GPIO_Init
                0x0000000008007164      0x274 ../../libDaisy//build/libdaisy.a(stm32h7xx_hal_gpio.o)
                0x0000000008007164                HAL_GPIO_Init
 .text.HAL_GPIO_DeInit
                0x00000000080073d8      0x190 ../../libDaisy//build/libdaisy.a(stm32h7xx_hal_gpio.o)
                0x00000000080073d8                HAL_GPIO_DeInit
 .text.HAL_GPIO_ReadPin
                0x0000000008007568        0xc ../../libDaisy//build/libdaisy.a(stm32h7xx_hal_gpio.o)
                0x0000000008007568                HAL_GPIO_ReadPin
 .text.HAL_GPIO_WritePin
                0x0000000008007574        0x8 ../../libDaisy//build/libdaisy.a(stm32h7xx_hal_gpio.o)
                0x0000000008007574                HAL_GPIO_WritePin
 .text.HAL_HCD_IRQHandler
                0x000000000800757c      0x8f4 ../../libDaisy//build/libdaisy.a(stm32h7xx_hal_hcd.o)
                0x000000000800757c                HAL_HCD_IRQHandler
 .text.HAL_HCD_Stop
                0x0000000008007e70       0x28 ../../libDaisy//build/libdaisy.a(stm32h7xx_hal_hcd.o)
                0x0000000008007e70                HAL_HCD_Stop
 .text.I2C_WaitOnTXISFlagUntilTimeout
                0x0000000008007e98      0x16c ../../libDaisy//build/libdaisy.a(stm32h7xx_hal_i2c.o)
 .text.I2C_WaitOnSTOPFlagUntilTimeout
                0x0000000008008004      0x168 ../../libDaisy//build/libdaisy.a(stm32h7xx_hal_i2c.o)
 .text.HAL_I2C_Init
                0x000000000800816c       0xac ../../libDaisy//build/libdaisy.a(stm32h7xx_hal_i2c.o)
                0x000000000800816c                HAL_I2C_Init
 .text.HAL_I2C_Master_Transmit
                0x0000000008008218      0x37c ../../libDaisy//build/libdaisy.a(stm32h7xx_hal_i2c.o)
                0x0000000008008218                HAL_I2C_Master_Transmit
 .text.HAL_I2C_Slave_Transmit
                0x0000000008008594      0x254 ../../libDaisy//build/libdaisy.a(stm32h7xx_hal_i2c.o)
                0x0000000008008594                HAL_I2C_Slave_Transmit
 .text.HAL_I2C_EV_IRQHandler
                0x00000000080087e8       0x10 ../../libDaisy//build/libdaisy.a(stm32h7xx_hal_i2c.o)
                0x00000000080087e8                HAL_I2C_EV_IRQHandler
 .text.HAL_I2C_GetState
                0x00000000080087f8        0x8 ../../libDaisy//build/libdaisy.a(stm32h7xx_hal_i2c.o)
                0x00000000080087f8                HAL_I2C_GetState
 .text.HAL_I2CEx_ConfigAnalogFilter
                0x0000000008008800       0x54 ../../libDaisy//build/libdaisy.a(stm32h7xx_hal_i2c_ex.o)
                0x0000000008008800                HAL_I2CEx_ConfigAnalogFilter
 .text.HAL_I2CEx_ConfigDigitalFilter
                0x0000000008008854       0x58 ../../libDaisy//build/libdaisy.a(stm32h7xx_hal_i2c_ex.o)
                0x0000000008008854                HAL_I2CEx_ConfigDigitalFilter
 .text.HAL_PCD_IRQHandler
                0x00000000080088ac      0xb48 ../../libDaisy//build/libdaisy.a(stm32h7xx_hal_pcd.o)
                0x00000000080088ac                HAL_PCD_IRQHandler
 .text.HAL_PCD_SetAddress
                0x00000000080093f4       0x2c ../../libDaisy//build/libdaisy.a(stm32h7xx_hal_pcd.o)
                0x00000000080093f4                HAL_PCD_SetAddress
 .text.HAL_PCD_EP_Open
                0x0000000008009420       0x7c ../../libDaisy//build/libdaisy.a(stm32h7xx_hal_pcd.o)
                0x0000000008009420                HAL_PCD_EP_Open
 .text.HAL_PCD_EP_Receive
                0x000000000800949c       0x44 ../../libDaisy//build/libdaisy.a(stm32h7xx_hal_pcd.o)
                0x000000000800949c                HAL_PCD_EP_Receive
 .text.HAL_PCD_EP_Transmit
                0x00000000080094e0       0x44 ../../libDaisy//build/libdaisy.a(stm32h7xx_hal_pcd.o)
                0x00000000080094e0                HAL_PCD_EP_Transmit
 .text.HAL_PCD_EP_SetStall
                0x0000000008009524       0x88 ../../libDaisy//build/libdaisy.a(stm32h7xx_hal_pcd.o)
                0x0000000008009524                HAL_PCD_EP_SetStall
 .text.HAL_PCD_EP_ClrStall
                0x00000000080095ac       0x78 ../../libDaisy//build/libdaisy.a(stm32h7xx_hal_pcd.o)
                0x00000000080095ac                HAL_PCD_EP_ClrStall
 .text.HAL_PCDEx_LPM_Callback
                0x0000000008009624        0x4 ../../libDaisy//build/libdaisy.a(stm32h7xx_hal_pcd_ex.o)
                0x0000000008009624                HAL_PCDEx_LPM_Callback
 .text.HAL_PWREx_ConfigSupply
                0x0000000008009628       0x48 ../../libDaisy//build/libdaisy.a(stm32h7xx_hal_pwr_ex.o)
                0x0000000008009628                HAL_PWREx_ConfigSupply
 .text.HAL_PWREx_EnableUSBVoltageDetector
                0x0000000008009670       0x10 ../../libDaisy//build/libdaisy.a(stm32h7xx_hal_pwr_ex.o)
                0x0000000008009670                HAL_PWREx_EnableUSBVoltageDetector
 .text.QSPI_Config
                0x0000000008009680      0x174 ../../libDaisy//build/libdaisy.a(stm32h7xx_hal_qspi.o)
 .text.HAL_QSPI_Init
                0x00000000080097f4       0xb8 ../../libDaisy//build/libdaisy.a(stm32h7xx_hal_qspi.o)
                0x00000000080097f4                HAL_QSPI_Init
 .text.HAL_QSPI_DeInit
                0x00000000080098ac       0x24 ../../libDaisy//build/libdaisy.a(stm32h7xx_hal_qspi.o)
                0x00000000080098ac                HAL_QSPI_DeInit
 .text.HAL_QSPI_Command
                0x00000000080098d0       0xd4 ../../libDaisy//build/libdaisy.a(stm32h7xx_hal_qspi.o)
                0x00000000080098d0                HAL_QSPI_Command
 .text.HAL_QSPI_Transmit
                0x00000000080099a4       0xfc ../../libDaisy//build/libdaisy.a(stm32h7xx_hal_qspi.o)
                0x00000000080099a4                HAL_QSPI_Transmit
 .text.HAL_QSPI_Receive
                0x0000000008009aa0      0x108 ../../libDaisy//build/libdaisy.a(stm32h7xx_hal_qspi.o)
                0x0000000008009aa0                HAL_QSPI_Receive
 .text.HAL_QSPI_AutoPolling
                0x0000000008009ba8       0xf0 ../../libDaisy//build/libdaisy.a(stm32h7xx_hal_qspi.o)
                0x0000000008009ba8                HAL_QSPI_AutoPolling
 .text.HAL_QSPI_MemoryMapped
                0x0000000008009c98       0xc0 ../../libDaisy//build/libdaisy.a(stm32h7xx_hal_qspi.o)
                0x0000000008009c98                HAL_QSPI_MemoryMapped
 .text.HAL_QSPI_ErrorCallback
                0x0000000008009d58        0x4 ../../libDaisy//build/libdaisy.a(stm32h7xx_hal_qspi.o)
                0x0000000008009d58                HAL_QSPI_ErrorCallback
 .text.QSPI_DMAAbortCplt
                0x0000000008009d5c       0x38 ../../libDaisy//build/libdaisy.a(stm32h7xx_hal_qspi.o)
 .text.HAL_QSPI_AbortCpltCallback
                0x0000000008009d94        0x4 ../../libDaisy//build/libdaisy.a(stm32h7xx_hal_qspi.o)
                0x0000000008009d94                HAL_QSPI_AbortCpltCallback
 .text.HAL_QSPI_CmdCpltCallback
                0x0000000008009d98        0x4 ../../libDaisy//build/libdaisy.a(stm32h7xx_hal_qspi.o)
                0x0000000008009d98                HAL_QSPI_CmdCpltCallback
 .text.HAL_QSPI_RxCpltCallback
                0x0000000008009d9c        0x4 ../../libDaisy//build/libdaisy.a(stm32h7xx_hal_qspi.o)
                0x0000000008009d9c                HAL_QSPI_RxCpltCallback
 .text.HAL_QSPI_TxCpltCallback
                0x0000000008009da0        0x4 ../../libDaisy//build/libdaisy.a(stm32h7xx_hal_qspi.o)
                0x0000000008009da0                HAL_QSPI_TxCpltCallback
 .text.HAL_QSPI_FifoThresholdCallback
                0x0000000008009da4        0x4 ../../libDaisy//build/libdaisy.a(stm32h7xx_hal_qspi.o)
                0x0000000008009da4                HAL_QSPI_FifoThresholdCallback
 .text.HAL_QSPI_StatusMatchCallback
                0x0000000008009da8        0x4 ../../libDaisy//build/libdaisy.a(stm32h7xx_hal_qspi.o)
                0x0000000008009da8                HAL_QSPI_StatusMatchCallback
 .text.HAL_QSPI_TimeOutCallback
                0x0000000008009dac        0x4 ../../libDaisy//build/libdaisy.a(stm32h7xx_hal_qspi.o)
                0x0000000008009dac                HAL_QSPI_TimeOutCallback
 .text.HAL_QSPI_IRQHandler
                0x0000000008009db0      0x210 ../../libDaisy//build/libdaisy.a(stm32h7xx_hal_qspi.o)
                0x0000000008009db0                HAL_QSPI_IRQHandler
 .text.HAL_RCC_GetSysClockFreq.part.0
                0x0000000008009fc0      0x130 ../../libDaisy//build/libdaisy.a(stm32h7xx_hal_rcc.o)
 .text.HAL_RCC_OscConfig
                0x000000000800a0f0      0x5f4 ../../libDaisy//build/libdaisy.a(stm32h7xx_hal_rcc.o)
                0x000000000800a0f0                HAL_RCC_OscConfig
 .text.HAL_RCC_GetSysClockFreq
                0x000000000800a6e4      0x140 ../../libDaisy//build/libdaisy.a(stm32h7xx_hal_rcc.o)
                0x000000000800a6e4                HAL_RCC_GetSysClockFreq
 .text.HAL_RCC_ClockConfig
                0x000000000800a824      0x250 ../../libDaisy//build/libdaisy.a(stm32h7xx_hal_rcc.o)
                0x000000000800a824                HAL_RCC_ClockConfig
 .text.HAL_RCC_GetHCLKFreq
                0x000000000800aa74       0x80 ../../libDaisy//build/libdaisy.a(stm32h7xx_hal_rcc.o)
                0x000000000800aa74                HAL_RCC_GetHCLKFreq
 .text.HAL_RCC_GetPCLK1Freq
                0x000000000800aaf4       0x90 ../../libDaisy//build/libdaisy.a(stm32h7xx_hal_rcc.o)
                0x000000000800aaf4                HAL_RCC_GetPCLK1Freq
 .text.HAL_RCC_GetPCLK2Freq
                0x000000000800ab84       0x90 ../../libDaisy//build/libdaisy.a(stm32h7xx_hal_rcc.o)
                0x000000000800ab84                HAL_RCC_GetPCLK2Freq
 .text.RCCEx_PLL2_Config
                0x000000000800ac14       0xf4 ../../libDaisy//build/libdaisy.a(stm32h7xx_hal_rcc_ex.o)
 .text.RCCEx_PLL3_Config
                0x000000000800ad08       0xf4 ../../libDaisy//build/libdaisy.a(stm32h7xx_hal_rcc_ex.o)
 .text.HAL_RCCEx_PeriphCLKConfig
                0x000000000800adfc      0xbf8 ../../libDaisy//build/libdaisy.a(stm32h7xx_hal_rcc_ex.o)
                0x000000000800adfc                HAL_RCCEx_PeriphCLKConfig
 .text.HAL_RCCEx_GetD3PCLK1Freq
                0x000000000800b9f4       0x24 ../../libDaisy//build/libdaisy.a(stm32h7xx_hal_rcc_ex.o)
                0x000000000800b9f4                HAL_RCCEx_GetD3PCLK1Freq
 .text.HAL_RCCEx_GetPLL2ClockFreq
                0x000000000800ba18      0x17c ../../libDaisy//build/libdaisy.a(stm32h7xx_hal_rcc_ex.o)
                0x000000000800ba18                HAL_RCCEx_GetPLL2ClockFreq
 .text.HAL_RCCEx_GetPLL3ClockFreq
                0x000000000800bb94      0x17c ../../libDaisy//build/libdaisy.a(stm32h7xx_hal_rcc_ex.o)
                0x000000000800bb94                HAL_RCCEx_GetPLL3ClockFreq
 .text.HAL_RCCEx_GetPLL1ClockFreq
                0x000000000800bd10      0x18c ../../libDaisy//build/libdaisy.a(stm32h7xx_hal_rcc_ex.o)
                0x000000000800bd10                HAL_RCCEx_GetPLL1ClockFreq
 .text.HAL_RCCEx_GetPeriphCLKFreq
                0x000000000800be9c      0x390 ../../libDaisy//build/libdaisy.a(stm32h7xx_hal_rcc_ex.o)
                0x000000000800be9c                HAL_RCCEx_GetPeriphCLKFreq
 .text.HAL_SAI_Init.part.0
                0x000000000800c22c      0x390 ../../libDaisy//build/libdaisy.a(stm32h7xx_hal_sai.o)
 .text.HAL_SAI_InitProtocol
                0x000000000800c5bc      0x174 ../../libDaisy//build/libdaisy.a(stm32h7xx_hal_sai.o)
                0x000000000800c5bc                HAL_SAI_InitProtocol
 .text.HAL_SAI_Transmit_DMA
                0x000000000800c730      0x124 ../../libDaisy//build/libdaisy.a(stm32h7xx_hal_sai.o)
                0x000000000800c730                HAL_SAI_Transmit_DMA
 .text.HAL_SAI_Receive_DMA
                0x000000000800c854       0xd0 ../../libDaisy//build/libdaisy.a(stm32h7xx_hal_sai.o)
                0x000000000800c854                HAL_SAI_Receive_DMA
 .text.HAL_SAI_TxCpltCallback
                0x000000000800c924        0x4 ../../libDaisy//build/libdaisy.a(stm32h7xx_hal_sai.o)
                0x000000000800c924                HAL_SAI_TxCpltCallback
 .text.SAI_DMATxCplt
                0x000000000800c928       0x64 ../../libDaisy//build/libdaisy.a(stm32h7xx_hal_sai.o)
 .text.HAL_SAI_TxHalfCpltCallback
                0x000000000800c98c        0x4 ../../libDaisy//build/libdaisy.a(stm32h7xx_hal_sai.o)
                0x000000000800c98c                HAL_SAI_TxHalfCpltCallback
 .text.SAI_DMATxHalfCplt
                0x000000000800c990        0xc ../../libDaisy//build/libdaisy.a(stm32h7xx_hal_sai.o)
 .text.SAI_DMARxCplt
                0x000000000800c99c       0x64 ../../libDaisy//build/libdaisy.a(stm32h7xx_hal_sai.o)
 .text.SAI_DMARxHalfCplt
                0x000000000800ca00        0xc ../../libDaisy//build/libdaisy.a(stm32h7xx_hal_sai.o)
 .text.HAL_SAI_ErrorCallback
                0x000000000800ca0c        0x4 ../../libDaisy//build/libdaisy.a(stm32h7xx_hal_sai.o)
                0x000000000800ca0c                HAL_SAI_ErrorCallback
 .text.SAI_DMAError
                0x000000000800ca10       0x6c ../../libDaisy//build/libdaisy.a(stm32h7xx_hal_sai.o)
 .text.HAL_SDRAM_Init
                0x000000000800ca7c       0x54 ../../libDaisy//build/libdaisy.a(stm32h7xx_hal_sdram.o)
                0x000000000800ca7c                HAL_SDRAM_Init
 .text.HAL_SDRAM_SendCommand
                0x000000000800cad0       0x40 ../../libDaisy//build/libdaisy.a(stm32h7xx_hal_sdram.o)
                0x000000000800cad0                HAL_SDRAM_SendCommand
 .text.HAL_SDRAM_ProgramRefreshRate
                0x000000000800cb10       0x30 ../../libDaisy//build/libdaisy.a(stm32h7xx_hal_sdram.o)
                0x000000000800cb10                HAL_SDRAM_ProgramRefreshRate
 .text.FMC_SDRAM_Init
                0x000000000800cb40       0x7c ../../libDaisy//build/libdaisy.a(stm32h7xx_ll_fmc.o)
                0x000000000800cb40                FMC_SDRAM_Init
 .text.FMC_SDRAM_Timing_Init
                0x000000000800cbbc       0x98 ../../libDaisy//build/libdaisy.a(stm32h7xx_ll_fmc.o)
                0x000000000800cbbc                FMC_SDRAM_Timing_Init
 .text.FMC_SDRAM_SendCommand
                0x000000000800cc54       0x30 ../../libDaisy//build/libdaisy.a(stm32h7xx_ll_fmc.o)
                0x000000000800cc54                FMC_SDRAM_SendCommand
 .text.FMC_SDRAM_ProgramRefreshRate
                0x000000000800cc84       0x1c ../../libDaisy//build/libdaisy.a(stm32h7xx_ll_fmc.o)
                0x000000000800cc84                FMC_SDRAM_ProgramRefreshRate
 .text.USB_SetTurnaroundTime
                0x000000000800cca0       0xf4 ../../libDaisy//build/libdaisy.a(stm32h7xx_ll_usb.o)
                0x000000000800cca0                USB_SetTurnaroundTime
 .text.USB_FlushTxFifo
                0x000000000800cd94       0x54 ../../libDaisy//build/libdaisy.a(stm32h7xx_ll_usb.o)
                0x000000000800cd94                USB_FlushTxFifo
 .text.USB_FlushRxFifo
                0x000000000800cde8       0x50 ../../libDaisy//build/libdaisy.a(stm32h7xx_ll_usb.o)
                0x000000000800cde8                USB_FlushRxFifo
 .text.USB_GetDevSpeed
                0x000000000800ce38       0x18 ../../libDaisy//build/libdaisy.a(stm32h7xx_ll_usb.o)
                0x000000000800ce38                USB_GetDevSpeed
 .text.USB_ActivateEndpoint
                0x000000000800ce50       0x90 ../../libDaisy//build/libdaisy.a(stm32h7xx_ll_usb.o)
                0x000000000800ce50                USB_ActivateEndpoint
 .text.USB_EPStartXfer
                0x000000000800cee0      0x288 ../../libDaisy//build/libdaisy.a(stm32h7xx_ll_usb.o)
                0x000000000800cee0                USB_EPStartXfer
 .text.USB_EPStopXfer
                0x000000000800d168       0x88 ../../libDaisy//build/libdaisy.a(stm32h7xx_ll_usb.o)
                0x000000000800d168                USB_EPStopXfer
 .text.USB_WritePacket
                0x000000000800d1f0       0x2c ../../libDaisy//build/libdaisy.a(stm32h7xx_ll_usb.o)
                0x000000000800d1f0                USB_WritePacket
 .text.USB_ReadPacket
                0x000000000800d21c       0x4c ../../libDaisy//build/libdaisy.a(stm32h7xx_ll_usb.o)
                0x000000000800d21c                USB_ReadPacket
 .text.USB_EPSetStall
                0x000000000800d268       0x68 ../../libDaisy//build/libdaisy.a(stm32h7xx_ll_usb.o)
                0x000000000800d268                USB_EPSetStall
 .text.USB_EPClearStall
                0x000000000800d2d0       0x58 ../../libDaisy//build/libdaisy.a(stm32h7xx_ll_usb.o)
                0x000000000800d2d0                USB_EPClearStall
 .text.USB_SetDevAddress
                0x000000000800d328       0x24 ../../libDaisy//build/libdaisy.a(stm32h7xx_ll_usb.o)
                0x000000000800d328                USB_SetDevAddress
 .text.USB_ReadInterrupts
                0x000000000800d34c        0x8 ../../libDaisy//build/libdaisy.a(stm32h7xx_ll_usb.o)
                0x000000000800d34c                USB_ReadInterrupts
 .text.USB_ReadChInterrupts
                0x000000000800d354       0x10 ../../libDaisy//build/libdaisy.a(stm32h7xx_ll_usb.o)
                0x000000000800d354                USB_ReadChInterrupts
 .text.USB_ReadDevAllOutEpInterrupt
                0x000000000800d364       0x10 ../../libDaisy//build/libdaisy.a(stm32h7xx_ll_usb.o)
                0x000000000800d364                USB_ReadDevAllOutEpInterrupt
 .text.USB_ReadDevAllInEpInterrupt
                0x000000000800d374       0x10 ../../libDaisy//build/libdaisy.a(stm32h7xx_ll_usb.o)
                0x000000000800d374                USB_ReadDevAllInEpInterrupt
 .text.USB_ReadDevOutEPInterrupt
                0x000000000800d384       0x14 ../../libDaisy//build/libdaisy.a(stm32h7xx_ll_usb.o)
                0x000000000800d384                USB_ReadDevOutEPInterrupt
 .text.USB_ReadDevInEPInterrupt
                0x000000000800d398       0x20 ../../libDaisy//build/libdaisy.a(stm32h7xx_ll_usb.o)
                0x000000000800d398                USB_ReadDevInEPInterrupt
 .text.USB_GetMode
                0x000000000800d3b8        0x8 ../../libDaisy//build/libdaisy.a(stm32h7xx_ll_usb.o)
                0x000000000800d3b8                USB_GetMode
 .text.USB_ActivateSetup
                0x000000000800d3c0       0x2c ../../libDaisy//build/libdaisy.a(stm32h7xx_ll_usb.o)
                0x000000000800d3c0                USB_ActivateSetup
 .text.USB_EP0_OutStart
                0x000000000800d3ec       0x58 ../../libDaisy//build/libdaisy.a(stm32h7xx_ll_usb.o)
                0x000000000800d3ec                USB_EP0_OutStart
 .text.USB_InitFSLSPClkSel
                0x000000000800d444       0x44 ../../libDaisy//build/libdaisy.a(stm32h7xx_ll_usb.o)
                0x000000000800d444                USB_InitFSLSPClkSel
 .text.USB_HC_ReadInterrupt
                0x000000000800d488        0x8 ../../libDaisy//build/libdaisy.a(stm32h7xx_ll_usb.o)
                0x000000000800d488                USB_HC_ReadInterrupt
 .text.USB_HC_Halt
                0x000000000800d490       0xe4 ../../libDaisy//build/libdaisy.a(stm32h7xx_ll_usb.o)
                0x000000000800d490                USB_HC_Halt
 .text.USB_StopHost
                0x000000000800d574      0x1e4 ../../libDaisy//build/libdaisy.a(stm32h7xx_ll_usb.o)
                0x000000000800d574                USB_StopHost
 .text.USBD_SetClassConfig
                0x000000000800d758       0x10 ../../libDaisy//build/libdaisy.a(usbd_core.o)
                0x000000000800d758                USBD_SetClassConfig
 .text.USBD_ClrClassConfig
                0x000000000800d768       0x14 ../../libDaisy//build/libdaisy.a(usbd_core.o)
                0x000000000800d768                USBD_ClrClassConfig
 .text.USBD_LL_SetupStage
                0x000000000800d77c       0x60 ../../libDaisy//build/libdaisy.a(usbd_core.o)
                0x000000000800d77c                USBD_LL_SetupStage
 .text.USBD_LL_DataOutStage
                0x000000000800d7dc       0x74 ../../libDaisy//build/libdaisy.a(usbd_core.o)
                0x000000000800d7dc                USBD_LL_DataOutStage
 .text.USBD_LL_DataInStage
                0x000000000800d850       0xc0 ../../libDaisy//build/libdaisy.a(usbd_core.o)
                0x000000000800d850                USBD_LL_DataInStage
 .text.USBD_LL_Reset
                0x000000000800d910       0x5c ../../libDaisy//build/libdaisy.a(usbd_core.o)
                0x000000000800d910                USBD_LL_Reset
 .text.USBD_LL_SetSpeed
                0x000000000800d96c        0x8 ../../libDaisy//build/libdaisy.a(usbd_core.o)
                0x000000000800d96c                USBD_LL_SetSpeed
 .text.USBD_LL_Suspend
                0x000000000800d974       0x20 ../../libDaisy//build/libdaisy.a(usbd_core.o)
                0x000000000800d974                USBD_LL_Suspend
 .text.USBD_LL_Resume
                0x000000000800d994       0x18 ../../libDaisy//build/libdaisy.a(usbd_core.o)
                0x000000000800d994                USBD_LL_Resume
 .text.USBD_LL_SOF
                0x000000000800d9ac       0x20 ../../libDaisy//build/libdaisy.a(usbd_core.o)
                0x000000000800d9ac                USBD_LL_SOF
 .text.USBD_LL_IsoINIncomplete
                0x000000000800d9cc       0x2c ../../libDaisy//build/libdaisy.a(usbd_core.o)
                0x000000000800d9cc                USBD_LL_IsoINIncomplete
 .text.USBD_LL_IsoOUTIncomplete
                0x000000000800d9f8       0x2c ../../libDaisy//build/libdaisy.a(usbd_core.o)
                0x000000000800d9f8                USBD_LL_IsoOUTIncomplete
 .text.USBD_LL_DevConnected
                0x000000000800da24        0x4 ../../libDaisy//build/libdaisy.a(usbd_core.o)
                0x000000000800da24                USBD_LL_DevConnected
 .text.USBD_LL_DevDisconnected
                0x000000000800da28       0x24 ../../libDaisy//build/libdaisy.a(usbd_core.o)
                0x000000000800da28                USBD_LL_DevDisconnected
 .text.USBD_CoreFindIF
                0x000000000800da4c        0x4 ../../libDaisy//build/libdaisy.a(usbd_core.o)
                0x000000000800da4c                USBD_CoreFindIF
 .text.USBD_CoreFindEP
                0x000000000800da50        0x4 ../../libDaisy//build/libdaisy.a(usbd_core.o)
                0x000000000800da50                USBD_CoreFindEP
 .text.USBD_StdDevReq
                0x000000000800da54      0x360 ../../libDaisy//build/libdaisy.a(usbd_ctlreq.o)
                0x000000000800da54                USBD_StdDevReq
 .text.USBD_StdItfReq
                0x000000000800ddb4       0x84 ../../libDaisy//build/libdaisy.a(usbd_ctlreq.o)
                0x000000000800ddb4                USBD_StdItfReq
 .text.USBD_StdEPReq
                0x000000000800de38      0x160 ../../libDaisy//build/libdaisy.a(usbd_ctlreq.o)
                0x000000000800de38                USBD_StdEPReq
 .text.USBD_ParseSetupRequest
                0x000000000800df98       0x18 ../../libDaisy//build/libdaisy.a(usbd_ctlreq.o)
                0x000000000800df98                USBD_ParseSetupRequest
 .text.USBD_CtlSendData
                0x000000000800dfb0       0x1c ../../libDaisy//build/libdaisy.a(usbd_ioreq.o)
                0x000000000800dfb0                USBD_CtlSendData
 .text.USBD_CtlContinueSendData
                0x000000000800dfcc       0x14 ../../libDaisy//build/libdaisy.a(usbd_ioreq.o)
                0x000000000800dfcc                USBD_CtlContinueSendData
 .text.USBD_CtlContinueRx
                0x000000000800dfe0       0x14 ../../libDaisy//build/libdaisy.a(usbd_ioreq.o)
                0x000000000800dfe0                USBD_CtlContinueRx
 .text.USBD_CtlSendStatus
                0x000000000800dff4       0x18 ../../libDaisy//build/libdaisy.a(usbd_ioreq.o)
                0x000000000800dff4                USBD_CtlSendStatus
 .text.USBD_CtlReceiveStatus
                0x000000000800e00c       0x18 ../../libDaisy//build/libdaisy.a(usbd_ioreq.o)
                0x000000000800e00c                USBD_CtlReceiveStatus
 .text.USBH_LL_IncTimer
                0x000000000800e024       0x20 ../../libDaisy//build/libdaisy.a(usbh_core.o)
                0x000000000800e024                USBH_LL_IncTimer
 .text.USBH_LL_PortEnabled
                0x000000000800e044        0x8 ../../libDaisy//build/libdaisy.a(usbh_core.o)
                0x000000000800e044                USBH_LL_PortEnabled
 .text.USBH_LL_PortDisabled
                0x000000000800e04c        0x8 ../../libDaisy//build/libdaisy.a(usbh_core.o)
                0x000000000800e04c                USBH_LL_PortDisabled
 .text.USBH_LL_Connect
                0x000000000800e054       0x18 ../../libDaisy//build/libdaisy.a(usbh_core.o)
                0x000000000800e054                USBH_LL_Connect
 .text.USBH_LL_Disconnect
                0x000000000800e06c       0x2c ../../libDaisy//build/libdaisy.a(usbh_core.o)
                0x000000000800e06c                USBH_LL_Disconnect
 .text.USBH_FreePipe
                0x000000000800e098       0x18 ../../libDaisy//build/libdaisy.a(usbh_pipes.o)
                0x000000000800e098                USBH_FreePipe
 .text._ZN5daisy3Led4InitE12dsy_gpio_pinbf
                0x000000000800e0b0       0x48 ../../libDaisy//build/libdaisy.a(led.o)
                0x000000000800e0b0                daisy::Led::Init(dsy_gpio_pin, bool, float)
 .text._ZN5daisy3Led3SetEf
                0x000000000800e0f8       0x24 ../../libDaisy//build/libdaisy.a(led.o)
                0x000000000800e0f8                daisy::Led::Set(float)
 .text._ZN5daisy3Led6UpdateEv
                0x000000000800e11c       0x48 ../../libDaisy//build/libdaisy.a(led.o)
                0x000000000800e11c                daisy::Led::Update()
 .text._ZN5daisy6Random4InitEv
                0x000000000800e164       0x3c ../../libDaisy//build/libdaisy.a(rng.o)
                0x000000000800e164                daisy::Random::Init()
 .text._ZN5daisy9SpiHandle4Impl7InitDmaEv
                0x000000000800e1a0       0xec ../../libDaisy//build/libdaisy.a(spi.o)
                0x000000000800e1a0                daisy::SpiHandle::Impl::InitDma()
 .text._ZN5daisy9SpiHandle4Impl10StartDmaTxEPhjPFvPvEPFvS3_NS0_6ResultEES3_
                0x000000000800e28c       0xc8 ../../libDaisy//build/libdaisy.a(spi.o)
                0x000000000800e28c                daisy::SpiHandle::Impl::StartDmaTx(unsigned char*, unsigned int, void (*)(void*), void (*)(void*, daisy::SpiHandle::Result), void*)
 .text._ZN5daisy9SpiHandle4Impl10StartDmaRxEPhjPFvPvEPFvS3_NS0_6ResultEES3_
                0x000000000800e354       0xc8 ../../libDaisy//build/libdaisy.a(spi.o)
                0x000000000800e354                daisy::SpiHandle::Impl::StartDmaRx(unsigned char*, unsigned int, void (*)(void*), void (*)(void*, daisy::SpiHandle::Result), void*)
 .text._ZN5daisy9SpiHandle4Impl12StartDmaRxTxEPhS2_jPFvPvEPFvS3_NS0_6ResultEES3_
                0x000000000800e41c       0xcc ../../libDaisy//build/libdaisy.a(spi.o)
                0x000000000800e41c                daisy::SpiHandle::Impl::StartDmaRxTx(unsigned char*, unsigned char*, unsigned int, void (*)(void*), void (*)(void*, daisy::SpiHandle::Result), void*)
 .text._ZN5daisy9SpiHandle4Impl8InitPinsEv
                0x000000000800e4e8      0x274 ../../libDaisy//build/libdaisy.a(spi.o)
                0x000000000800e4e8                daisy::SpiHandle::Impl::InitPins()
 .text.HAL_SPI_MspInit
                0x000000000800e75c      0x1a8 ../../libDaisy//build/libdaisy.a(spi.o)
                0x000000000800e75c                HAL_SPI_MspInit
 .text.dsy_spi_global_init
                0x000000000800e904       0x80 ../../libDaisy//build/libdaisy.a(spi.o)
                0x000000000800e904                dsy_spi_global_init
 .text.SPI1_IRQHandler
                0x000000000800e984        0xc ../../libDaisy//build/libdaisy.a(spi.o)
                0x000000000800e984                SPI1_IRQHandler
 .text.SPI2_IRQHandler
                0x000000000800e990        0xc ../../libDaisy//build/libdaisy.a(spi.o)
                0x000000000800e990                SPI2_IRQHandler
 .text.SPI3_IRQHandler
                0x000000000800e99c        0xc ../../libDaisy//build/libdaisy.a(spi.o)
                0x000000000800e99c                SPI3_IRQHandler
 .text.SPI4_IRQHandler
                0x000000000800e9a8        0xc ../../libDaisy//build/libdaisy.a(spi.o)
                0x000000000800e9a8                SPI4_IRQHandler
 .text.SPI5_IRQHandler
                0x000000000800e9b4        0xc ../../libDaisy//build/libdaisy.a(spi.o)
                0x000000000800e9b4                SPI5_IRQHandler
 .text.DMA2_Stream2_IRQHandler
                0x000000000800e9c0       0x34 ../../libDaisy//build/libdaisy.a(spi.o)
                0x000000000800e9c0                DMA2_Stream2_IRQHandler
 .text.DMA2_Stream3_IRQHandler
                0x000000000800e9f4       0x38 ../../libDaisy//build/libdaisy.a(spi.o)
                0x000000000800e9f4                DMA2_Stream3_IRQHandler
 .text.HAL_SPI_TxCpltCallback
                0x000000000800ea2c       0xc4 ../../libDaisy//build/libdaisy.a(spi.o)
                0x000000000800ea2c                HAL_SPI_TxCpltCallback
 .text.HAL_SPI_RxCpltCallback
                0x000000000800eaf0       0xc4 ../../libDaisy//build/libdaisy.a(spi.o)
                0x000000000800eaf0                HAL_SPI_RxCpltCallback
 .text.HAL_SPI_TxRxCpltCallback
                0x000000000800ebb4       0xc4 ../../libDaisy//build/libdaisy.a(spi.o)
                0x000000000800ebb4                HAL_SPI_TxRxCpltCallback
 .text.HAL_SPI_ErrorCallback
                0x000000000800ec78       0xc8 ../../libDaisy//build/libdaisy.a(spi.o)
                0x000000000800ec78                HAL_SPI_ErrorCallback
 .text.startup._GLOBAL__sub_I__Z19MapInstanceToHandleP11SPI_TypeDef
                0x000000000800ed40      0x1b0 ../../libDaisy//build/libdaisy.a(spi.o)
 .text.HAL_TIM_Base_MspInit
                0x000000000800eef0      0x1e0 ../../libDaisy//build/libdaisy.a(tim.o)
                0x000000000800eef0                HAL_TIM_Base_MspInit
 .text.HAL_TIM_PeriodElapsedCallback
                0x000000000800f0d0       0x44 ../../libDaisy//build/libdaisy.a(tim.o)
                0x000000000800f0d0                HAL_TIM_PeriodElapsedCallback
 .text.TIM2_IRQHandler
                0x000000000800f114        0xc ../../libDaisy//build/libdaisy.a(tim.o)
                0x000000000800f114                TIM2_IRQHandler
 .text.TIM3_IRQHandler
                0x000000000800f120        0xc ../../libDaisy//build/libdaisy.a(tim.o)
                0x000000000800f120                TIM3_IRQHandler
 .text.TIM4_IRQHandler
                0x000000000800f12c        0xc ../../libDaisy//build/libdaisy.a(tim.o)
                0x000000000800f12c                TIM4_IRQHandler
 .text.TIM5_IRQHandler
                0x000000000800f138        0xc ../../libDaisy//build/libdaisy.a(tim.o)
                0x000000000800f138                TIM5_IRQHandler
 .text._ZN5daisy11TimerHandle4InitERKNS0_6ConfigE
                0x000000000800f144       0xd0 ../../libDaisy//build/libdaisy.a(tim.o)
                0x000000000800f144                daisy::TimerHandle::Init(daisy::TimerHandle::Config const&)
 .text._ZN5daisy11TimerHandle5StartEv
                0x000000000800f214       0x24 ../../libDaisy//build/libdaisy.a(tim.o)
                0x000000000800f214                daisy::TimerHandle::Start()
 .text.startup._GLOBAL__sub_I__ZN5daisy11TimerHandle4Impl4InitERKNS0_6ConfigE
                0x000000000800f238       0x38 ../../libDaisy//build/libdaisy.a(tim.o)
 .text._ZL20UART_CheckRxListenerPN5daisy11UartHandler4ImplE
                0x000000000800f270       0x84 ../../libDaisy//build/libdaisy.a(uart.o)
 .text._ZN5daisy11UartHandler4Impl10StartDmaTxEPhjPFvPvEPFvS3_NS0_6ResultEES3_
                0x000000000800f2f4      0x184 ../../libDaisy//build/libdaisy.a(uart.o)
                0x000000000800f2f4                daisy::UartHandler::Impl::StartDmaTx(unsigned char*, unsigned int, void (*)(void*), void (*)(void*, daisy::UartHandler::Result), void*)
 .text._ZN5daisy11UartHandler4Impl10StartDmaRxEPhjPFvPvEPFvS3_NS0_6ResultEES3_
                0x000000000800f478      0x184 ../../libDaisy//build/libdaisy.a(uart.o)
                0x000000000800f478                daisy::UartHandler::Impl::StartDmaRx(unsigned char*, unsigned int, void (*)(void*), void (*)(void*, daisy::UartHandler::Result), void*)
 .text._ZN5daisy11UartHandler4Impl19DmaTransferFinishedEP20__UART_HandleTypeDefNS0_6ResultE
                0x000000000800f5fc       0xc0 ../../libDaisy//build/libdaisy.a(uart.o)
                0x000000000800f5fc                daisy::UartHandler::Impl::DmaTransferFinished(__UART_HandleTypeDef*, daisy::UartHandler::Result)
 .text._ZN5daisy11UartHandler4Impl8InitPinsEv
                0x000000000800f6bc      0x154 ../../libDaisy//build/libdaisy.a(uart.o)
                0x000000000800f6bc                daisy::UartHandler::Impl::InitPins()
 .text.HAL_UART_MspInit
                0x000000000800f810      0x210 ../../libDaisy//build/libdaisy.a(uart.o)
                0x000000000800f810                HAL_UART_MspInit
 .text.dsy_uart_global_init
                0x000000000800fa20       0xfc ../../libDaisy//build/libdaisy.a(uart.o)
                0x000000000800fa20                dsy_uart_global_init
 .text.USART1_IRQHandler
                0x000000000800fb1c       0x2c ../../libDaisy//build/libdaisy.a(uart.o)
                0x000000000800fb1c                USART1_IRQHandler
 .text.USART2_IRQHandler
                0x000000000800fb48       0x34 ../../libDaisy//build/libdaisy.a(uart.o)
                0x000000000800fb48                USART2_IRQHandler
 .text.USART3_IRQHandler
                0x000000000800fb7c       0x34 ../../libDaisy//build/libdaisy.a(uart.o)
                0x000000000800fb7c                USART3_IRQHandler
 .text.UART4_IRQHandler
                0x000000000800fbb0       0x34 ../../libDaisy//build/libdaisy.a(uart.o)
                0x000000000800fbb0                UART4_IRQHandler
 .text.UART5_IRQHandler
                0x000000000800fbe4       0x34 ../../libDaisy//build/libdaisy.a(uart.o)
                0x000000000800fbe4                UART5_IRQHandler
 .text.USART6_IRQHandler
                0x000000000800fc18       0x34 ../../libDaisy//build/libdaisy.a(uart.o)
                0x000000000800fc18                USART6_IRQHandler
 .text.UART7_IRQHandler
                0x000000000800fc4c       0x34 ../../libDaisy//build/libdaisy.a(uart.o)
                0x000000000800fc4c                UART7_IRQHandler
 .text.UART8_IRQHandler
                0x000000000800fc80       0x34 ../../libDaisy//build/libdaisy.a(uart.o)
                0x000000000800fc80                UART8_IRQHandler
 .text.LPUART1_IRQHandler
                0x000000000800fcb4       0x34 ../../libDaisy//build/libdaisy.a(uart.o)
                0x000000000800fcb4                LPUART1_IRQHandler
 .text.DMA1_Stream5_IRQHandler
                0x000000000800fce8       0x34 ../../libDaisy//build/libdaisy.a(uart.o)
                0x000000000800fce8                DMA1_Stream5_IRQHandler
 .text.DMA2_Stream4_IRQHandler
                0x000000000800fd1c       0x38 ../../libDaisy//build/libdaisy.a(uart.o)
                0x000000000800fd1c                DMA2_Stream4_IRQHandler
 .text.HAL_UART_TxCpltCallback
                0x000000000800fd54        0x8 ../../libDaisy//build/libdaisy.a(uart.o)
                0x000000000800fd54                HAL_UART_TxCpltCallback
 .text.HAL_UART_RxCpltCallback
                0x000000000800fd5c       0x94 ../../libDaisy//build/libdaisy.a(uart.o)
                0x000000000800fd5c                HAL_UART_RxCpltCallback
 .text.HAL_UART_RxHalfCpltCallback
                0x000000000800fdf0       0x90 ../../libDaisy//build/libdaisy.a(uart.o)
                0x000000000800fdf0                HAL_UART_RxHalfCpltCallback
 .text.HAL_UART_ErrorCallback
                0x000000000800fe80        0x8 ../../libDaisy//build/libdaisy.a(uart.o)
                0x000000000800fe80                HAL_UART_ErrorCallback
 .text.startup._GLOBAL__sub_I__Z19MapInstanceToHandleP13USART_TypeDef
                0x000000000800fe88      0x194 ../../libDaisy//build/libdaisy.a(uart.o)
 .text.dsy_dma_init
                0x000000000801001c      0x100 ../../libDaisy//build/libdaisy.a(dma.o)
                0x000000000801001c                dsy_dma_init
 .text.dsy_dma_invalidate_cache_for_buffer
                0x000000000801011c       0x2c ../../libDaisy//build/libdaisy.a(dma.o)
                0x000000000801011c                dsy_dma_invalidate_cache_for_buffer
 .text.HAL_MDMA_Abort_IT
                0x0000000008010148       0x2c ../../libDaisy//build/libdaisy.a(stm32h7xx_hal_mdma.o)
                0x0000000008010148                HAL_MDMA_Abort_IT
 .text.SPI_CloseTransfer
                0x0000000008010174       0xb8 ../../libDaisy//build/libdaisy.a(stm32h7xx_hal_spi.o)
 .text.HAL_SPI_Init
                0x000000000801022c      0x1a8 ../../libDaisy//build/libdaisy.a(stm32h7xx_hal_spi.o)
                0x000000000801022c                HAL_SPI_Init
 .text.HAL_SPI_Transmit_DMA
                0x00000000080103d4      0x180 ../../libDaisy//build/libdaisy.a(stm32h7xx_hal_spi.o)
                0x00000000080103d4                HAL_SPI_Transmit_DMA
 .text.HAL_SPI_Receive_DMA
                0x0000000008010554      0x194 ../../libDaisy//build/libdaisy.a(stm32h7xx_hal_spi.o)
                0x0000000008010554                HAL_SPI_Receive_DMA
 .text.HAL_SPI_TransmitReceive_DMA
                0x00000000080106e8      0x214 ../../libDaisy//build/libdaisy.a(stm32h7xx_hal_spi.o)
                0x00000000080106e8                HAL_SPI_TransmitReceive_DMA
 .text.SPI_DMATransmitCplt
                0x00000000080108fc       0x28 ../../libDaisy//build/libdaisy.a(stm32h7xx_hal_spi.o)
 .text.SPI_DMAReceiveCplt
                0x0000000008010924       0x28 ../../libDaisy//build/libdaisy.a(stm32h7xx_hal_spi.o)
 .text.SPI_DMATransmitReceiveCplt
                0x000000000801094c       0x28 ../../libDaisy//build/libdaisy.a(stm32h7xx_hal_spi.o)
 .text.HAL_SPI_TxHalfCpltCallback
                0x0000000008010974        0x4 ../../libDaisy//build/libdaisy.a(stm32h7xx_hal_spi.o)
                0x0000000008010974                HAL_SPI_TxHalfCpltCallback
 .text.SPI_DMAHalfTransmitCplt
                0x0000000008010978        0xc ../../libDaisy//build/libdaisy.a(stm32h7xx_hal_spi.o)
 .text.HAL_SPI_RxHalfCpltCallback
                0x0000000008010984        0x4 ../../libDaisy//build/libdaisy.a(stm32h7xx_hal_spi.o)
                0x0000000008010984                HAL_SPI_RxHalfCpltCallback
 .text.SPI_DMAHalfReceiveCplt
                0x0000000008010988        0xc ../../libDaisy//build/libdaisy.a(stm32h7xx_hal_spi.o)
 .text.HAL_SPI_TxRxHalfCpltCallback
                0x0000000008010994        0x4 ../../libDaisy//build/libdaisy.a(stm32h7xx_hal_spi.o)
                0x0000000008010994                HAL_SPI_TxRxHalfCpltCallback
 .text.SPI_DMAHalfTransmitReceiveCplt
                0x0000000008010998        0xc ../../libDaisy//build/libdaisy.a(stm32h7xx_hal_spi.o)
 .text.SPI_DMAError
                0x00000000080109a4       0xd8 ../../libDaisy//build/libdaisy.a(stm32h7xx_hal_spi.o)
 .text.SPI_DMAAbortOnError
                0x0000000008010a7c       0x1c ../../libDaisy//build/libdaisy.a(stm32h7xx_hal_spi.o)
 .text.HAL_SPI_SuspendCallback
                0x0000000008010a98        0x4 ../../libDaisy//build/libdaisy.a(stm32h7xx_hal_spi.o)
                0x0000000008010a98                HAL_SPI_SuspendCallback
 .text.HAL_SPI_IRQHandler
                0x0000000008010a9c      0x214 ../../libDaisy//build/libdaisy.a(stm32h7xx_hal_spi.o)
                0x0000000008010a9c                HAL_SPI_IRQHandler
 .text.HAL_SPI_GetState
                0x0000000008010cb0        0x8 ../../libDaisy//build/libdaisy.a(stm32h7xx_hal_spi.o)
                0x0000000008010cb0                HAL_SPI_GetState
 .text.HAL_TIM_Base_Init
                0x0000000008010cb8      0x16c ../../libDaisy//build/libdaisy.a(stm32h7xx_hal_tim.o)
                0x0000000008010cb8                HAL_TIM_Base_Init
 .text.HAL_TIM_Base_Start
                0x0000000008010e24       0xb0 ../../libDaisy//build/libdaisy.a(stm32h7xx_hal_tim.o)
                0x0000000008010e24                HAL_TIM_Base_Start
 .text.HAL_TIM_Base_Start_IT
                0x0000000008010ed4       0xb8 ../../libDaisy//build/libdaisy.a(stm32h7xx_hal_tim.o)
                0x0000000008010ed4                HAL_TIM_Base_Start_IT
 .text.HAL_TIM_ConfigClockSource
                0x0000000008010f8c      0x198 ../../libDaisy//build/libdaisy.a(stm32h7xx_hal_tim.o)
                0x0000000008010f8c                HAL_TIM_ConfigClockSource
 .text.HAL_TIM_OC_DelayElapsedCallback
                0x0000000008011124        0x4 ../../libDaisy//build/libdaisy.a(stm32h7xx_hal_tim.o)
                0x0000000008011124                HAL_TIM_OC_DelayElapsedCallback
 .text.HAL_TIM_IC_CaptureCallback
                0x0000000008011128        0x4 ../../libDaisy//build/libdaisy.a(stm32h7xx_hal_tim.o)
                0x0000000008011128                HAL_TIM_IC_CaptureCallback
 .text.HAL_TIM_PWM_PulseFinishedCallback
                0x000000000801112c        0x4 ../../libDaisy//build/libdaisy.a(stm32h7xx_hal_tim.o)
                0x000000000801112c                HAL_TIM_PWM_PulseFinishedCallback
 .text.HAL_TIM_TriggerCallback
                0x0000000008011130        0x4 ../../libDaisy//build/libdaisy.a(stm32h7xx_hal_tim.o)
                0x0000000008011130                HAL_TIM_TriggerCallback
 .text.HAL_TIM_IRQHandler
                0x0000000008011134      0x154 ../../libDaisy//build/libdaisy.a(stm32h7xx_hal_tim.o)
                0x0000000008011134                HAL_TIM_IRQHandler
 .text.HAL_TIMEx_MasterConfigSynchronization
                0x0000000008011288       0xb4 ../../libDaisy//build/libdaisy.a(stm32h7xx_hal_tim_ex.o)
                0x0000000008011288                HAL_TIMEx_MasterConfigSynchronization
 .text.HAL_TIMEx_CommutCallback
                0x000000000801133c        0x4 ../../libDaisy//build/libdaisy.a(stm32h7xx_hal_tim_ex.o)
                0x000000000801133c                HAL_TIMEx_CommutCallback
 .text.HAL_TIMEx_BreakCallback
                0x0000000008011340        0x4 ../../libDaisy//build/libdaisy.a(stm32h7xx_hal_tim_ex.o)
                0x0000000008011340                HAL_TIMEx_BreakCallback
 .text.HAL_TIMEx_Break2Callback
                0x0000000008011344        0x4 ../../libDaisy//build/libdaisy.a(stm32h7xx_hal_tim_ex.o)
                0x0000000008011344                HAL_TIMEx_Break2Callback
 .text.HAL_UART_Transmit_DMA
                0x0000000008011348       0x8c ../../libDaisy//build/libdaisy.a(stm32h7xx_hal_uart.o)
                0x0000000008011348                HAL_UART_Transmit_DMA
 .text.UART_DMATransmitCplt
                0x00000000080113d4       0x44 ../../libDaisy//build/libdaisy.a(stm32h7xx_hal_uart.o)
 .text.HAL_UART_TxHalfCpltCallback
                0x0000000008011418        0x4 ../../libDaisy//build/libdaisy.a(stm32h7xx_hal_uart.o)
                0x0000000008011418                HAL_UART_TxHalfCpltCallback
 .text.UART_DMATxHalfCplt
                0x000000000801141c        0xc ../../libDaisy//build/libdaisy.a(stm32h7xx_hal_uart.o)
 .text.UART_DMAError
                0x0000000008011428       0xd4 ../../libDaisy//build/libdaisy.a(stm32h7xx_hal_uart.o)
 .text.UART_DMAAbortOnError
                0x00000000080114fc       0x14 ../../libDaisy//build/libdaisy.a(stm32h7xx_hal_uart.o)
 .text.HAL_UARTEx_RxEventCallback
                0x0000000008011510        0x4 ../../libDaisy//build/libdaisy.a(stm32h7xx_hal_uart.o)
                0x0000000008011510                HAL_UARTEx_RxEventCallback
 .text.HAL_UART_IRQHandler
                0x0000000008011514      0x380 ../../libDaisy//build/libdaisy.a(stm32h7xx_hal_uart.o)
                0x0000000008011514                HAL_UART_IRQHandler
 .text.UART_DMARxHalfCplt
                0x0000000008011894       0x20 ../../libDaisy//build/libdaisy.a(stm32h7xx_hal_uart.o)
 .text.UART_DMAReceiveCplt
                0x00000000080118b4       0x9c ../../libDaisy//build/libdaisy.a(stm32h7xx_hal_uart.o)
 .text.HAL_UART_GetState
                0x0000000008011950        0xc ../../libDaisy//build/libdaisy.a(stm32h7xx_hal_uart.o)
                0x0000000008011950                HAL_UART_GetState
 .text.UART_SetConfig